/bin/bash: warning: setlocale: LC_ALL: cannot change locale (C.UTF-8)
=== provenance ===
host       : cpu-50
jobid      : 6145581
binary     : /data/gpfs/home/wyim/micromamba/bin/ultra (2026-03-31 13:11:10.801844237 -0700)
version    :  Version 1.2.1
fasta      : /data/gpfs/assoc/pgl/filip/bwtandem_results/human.fna (3249452375 bytes; RefSeq-accession flavour, 455 sequences incl. scaffolds — the same file the published competitor baselines consumed)
command    : /data/gpfs/home/wyim/micromamba/bin/ultra -t 2 -p 2000 -o /data/gpfs/assoc/pgl/devel/exp1_human/regen/ultra_p2000/ultra_human_p2000.tsv /data/gpfs/assoc/pgl/filip/bwtandem_results/human.fna
started    : 2026-08-31T17:05:07-07:00
==================
PROGRESS 2026-08-31T18:05:07-07:00 out_bytes=196608
PROGRESS 2026-08-31T19:05:07-07:00 out_bytes=409600
PROGRESS 2026-08-31T20:05:07-07:00 out_bytes=770048
PROGRESS 2026-08-31T21:05:07-07:00 out_bytes=1114112
PROGRESS 2026-08-31T22:05:07-07:00 out_bytes=1359872
PROGRESS 2026-08-31T23:05:07-07:00 out_bytes=1622016
PROGRESS 2026-09-01T00:05:07-07:00 out_bytes=1875968
PROGRESS 2026-09-01T01:05:07-07:00 out_bytes=2203648
PROGRESS 2026-09-01T02:05:08-07:00 out_bytes=2580480
PROGRESS 2026-09-01T03:05:08-07:00 out_bytes=2842624
PROGRESS 2026-09-01T04:05:08-07:00 out_bytes=3112960
PROGRESS 2026-09-01T05:05:08-07:00 out_bytes=3358720
PROGRESS 2026-09-01T06:05:08-07:00 out_bytes=3620864
PROGRESS 2026-09-01T07:05:08-07:00 out_bytes=3801088
PROGRESS 2026-09-01T08:05:09-07:00 out_bytes=4128768
PROGRESS 2026-09-01T09:05:09-07:00 out_bytes=4317184
PROGRESS 2026-09-01T10:05:09-07:00 out_bytes=4571136
PROGRESS 2026-09-01T11:05:09-07:00 out_bytes=4849664
PROGRESS 2026-09-01T12:05:09-07:00 out_bytes=5038080
PROGRESS 2026-09-01T13:05:09-07:00 out_bytes=5210112
PROGRESS 2026-09-01T14:05:09-07:00 out_bytes=5455872
PROGRESS 2026-09-01T15:05:10-07:00 out_bytes=5636096
PROGRESS 2026-09-01T16:05:10-07:00 out_bytes=5906432
PROGRESS 2026-09-01T17:05:10-07:00 out_bytes=6094848
PROGRESS 2026-09-01T18:05:10-07:00 out_bytes=6275072
PROGRESS 2026-09-01T19:05:10-07:00 out_bytes=6447104
PROGRESS 2026-09-01T20:05:10-07:00 out_bytes=6627328
PROGRESS 2026-09-01T21:05:11-07:00 out_bytes=6807552
PROGRESS 2026-09-01T22:05:11-07:00 out_bytes=6995968
PROGRESS 2026-09-01T23:05:11-07:00 out_bytes=7168000
PROGRESS 2026-09-02T00:05:11-07:00 out_bytes=7430144
PROGRESS 2026-09-02T01:05:11-07:00 out_bytes=7610368
PROGRESS 2026-09-02T02:05:11-07:00 out_bytes=7864320
PROGRESS 2026-09-02T03:05:11-07:00 out_bytes=8044544
PROGRESS 2026-09-02T04:05:12-07:00 out_bytes=8331264
PROGRESS 2026-09-02T05:05:12-07:00 out_bytes=8593408
PROGRESS 2026-09-02T06:05:12-07:00 out_bytes=8757248
PROGRESS 2026-09-02T07:05:12-07:00 out_bytes=9027584
PROGRESS 2026-09-02T08:05:12-07:00 out_bytes=9216000
PROGRESS 2026-09-02T09:05:13-07:00 out_bytes=9314304
PROGRESS 2026-09-02T10:05:13-07:00 out_bytes=9781248
PROGRESS 2026-09-02T11:05:13-07:00 out_bytes=9781248
PROGRESS 2026-09-02T12:05:13-07:00 out_bytes=9781248
PROGRESS 2026-09-02T13:05:13-07:00 out_bytes=9781248
PROGRESS 2026-09-02T14:05:13-07:00 out_bytes=9781248
PROGRESS 2026-09-02T15:05:13-07:00 out_bytes=9781248
slurmstepd: error: *** JOB 6145581 ON cpu-50 CANCELLED AT 2026-09-02T15:20:14 ***
