Error: Cannot open file 'benchmarking_results/mreps/results/Col-CEN_v1.2_mreps_split/4.fa'!
Error: Cannot open file 'benchmarking_results/mreps/results/Col-CEN_v1.2_mreps_split/5.fa'!
Error: Cannot open file 'benchmarking_results/mreps/results/Col-CEN_v1.2_mreps_split/6.fa'!
Error: Cannot open file 'benchmarking_results/mreps/results/Col-CEN_v1.2_mreps_split/7.fa'!
Command exited with non-zero status 3
	Command being timed: "bash -c 
for f in benchmarking_results/mreps/results/Col-CEN_v1.2_mreps_split/*.fa; do
    singularity exec ./bwtbench.sif mreps -fasta -minperiod 150 -maxperiod 400 -res 10 $f
done
"
	User time (seconds): 208.01
	System time (seconds): 2.06
	Percent of CPU this job got: 99%
	Elapsed (wall clock) time (h:mm:ss or m:ss): 3:30.26
	Average shared text size (kbytes): 0
	Average unshared data size (kbytes): 0
	Average stack size (kbytes): 0
	Average total size (kbytes): 0
	Maximum resident set size (kbytes): 366792
	Average resident set size (kbytes): 0
	Major (requiring I/O) page faults: 0
	Minor (reclaiming a frame) page faults: 391182
	Voluntary context switches: 11551
	Involuntary context switches: 160
	Swaps: 0
	File system inputs: 0
	File system outputs: 0
	Socket messages sent: 0
	Socket messages received: 0
	Signals delivered: 0
	Page size (bytes): 4096
	Exit status: 3
