Error: Too many N's in the window
Error: Too many N's in the window
Error: Too many N's in the window
Error: Too many N's in the window
Error: Too many N's in the window
Error: Too many N's in the window
Error: Too many N's in the window
Error: Too many N's in the window
Error: Too many N's in the window
Error: Too many N's in the window
Error: Too many N's in the window
Error: Too many N's in the window
Error: Too many N's in the window
Error: Too many N's in the window
Error: Too many N's in the window
Error: Too many N's in the window
Error: Too many N's in the window
Error: Too many N's in the window
Error: Too many N's in the window
Error: Too many N's in the window
Error: Too many N's in the window
Error: Too many N's in the window
Error: Too many N's in the window
Error: Too many N's in the window
Error: Too many N's in the window
Error: Too many N's in the window
Error: Too many N's in the window
Error: Too many N's in the window
Error: Too many N's in the window
Error: Too many N's in the window
Error: Too many N's in the window
Error: Too many N's in the window
Error: Too many N's in the window
Error: Too many N's in the window
Error: Too many N's in the window
Error: Too many N's in the window
	Command being timed: "sh -c 
            for f in benchmarking_results/mreps/results/GCF_000001405.26_GRCh38_genomic_mreps_split/*.fa; do
                singularity exec ./bwtbench.sif mreps -fasta -res 5 -allowsmall "$f"
            done
        "
	User time (seconds): 3159.27
	System time (seconds): 99.82
	Percent of CPU this job got: 99%
	Elapsed (wall clock) time (h:mm:ss or m:ss): 54:30.65
	Average shared text size (kbytes): 0
	Average unshared data size (kbytes): 0
	Average stack size (kbytes): 0
	Average total size (kbytes): 0
	Maximum resident set size (kbytes): 6691220
	Average resident set size (kbytes): 0
	Major (requiring I/O) page faults: 0
	Minor (reclaiming a frame) page faults: 45502938
	Voluntary context switches: 751636
	Involuntary context switches: 9409
	Swaps: 0
	File system inputs: 0
	File system outputs: 0
	Socket messages sent: 0
	Socket messages received: 0
	Signals delivered: 0
	Page size (bytes): 4096
	Exit status: 0
