	Command being timed: "singularity exec ./bwtbench.sif tantan -f4 /data/gpfs/assoc/pgl/filip/bwtandem/Zm/GCA_022117705.1_Zm-Mo17-REFERENCE-CAU-T2T-assembly_genomic.fna"
	User time (seconds): 1966.49
	System time (seconds): 0.98
	Percent of CPU this job got: 99%
	Elapsed (wall clock) time (h:mm:ss or m:ss): 32:48.40
	Average shared text size (kbytes): 0
	Average unshared data size (kbytes): 0
	Average stack size (kbytes): 0
	Average total size (kbytes): 0
	Maximum resident set size (kbytes): 526584
	Average resident set size (kbytes): 0
	Major (requiring I/O) page faults: 0
	Minor (reclaiming a frame) page faults: 39494
	Voluntary context switches: 1989
	Involuntary context switches: 1755
	Swaps: 0
	File system inputs: 0
	File system outputs: 0
	Socket messages sent: 0
	Socket messages received: 0
	Signals delivered: 0
	Page size (bytes): 4096
	Exit status: 0
