/opt/TRASH
TRASH will be run with /data/gpfs/assoc/pgl/filip/bwtandem/Zm/GCA_022117705.1_Zm-Mo17-REFERENCE-CAU-T2T-assembly_genomic.fna --o /data/gpfs/assoc/pgl/filip/bwtandem/benchmarking_results/trash/results/GCA_022117705.1_Zm-Mo17-REFERENCE-CAU-T2T-assembly_genomic_trash_denovo_exp3B_satellite --par 2 --def arguments
[1] "start"
[1] "2026-05-21 21:11:06 PDT"
[1] "attaching function from: /opt/TRASH/src/fn_circos.R"
[1] "attaching function from: /opt/TRASH/src/fn_consensus_N.R"
[1] "attaching function from: /opt/TRASH/src/fn_draw_scaffold_repeat_plots.R"
[1] "attaching function from: /opt/TRASH/src/fn_edit_distance.R"
[1] "attaching function from: /opt/TRASH/src/fn_export_gff.R"
[1] "attaching function from: /opt/TRASH/src/fn_extract_all_repeats.R"
[1] "attaching function from: /opt/TRASH/src/fn_extract_kmers.R"
[1] "attaching function from: /opt/TRASH/src/fn_hash_and_reverse.R"
[1] "attaching function from: /opt/TRASH/src/fn_HOR_wrapper.R"
[1] "attaching function from: /opt/TRASH/src/fn_kmer_compare.R"
[1] "attaching function from: /opt/TRASH/src/fn_movav.R"
[1] "attaching function from: /opt/TRASH/src/fn_new_distance_N.R"
[1] "attaching function from: /opt/TRASH/src/fn_plot_edit.R"
[1] "attaching function from: /opt/TRASH/src/fn_plot_rep.R"
[1] "attaching function from: /opt/TRASH/src/fn_repeat_identifier.R"
[1] "attaching function from: /opt/TRASH/src/fn_repetitiveness.R"
[1] "attaching function from: /opt/TRASH/src/fn_rev_comp_string.R"
[1] "/opt/conda/lib/R/library"
[1] "/data/gpfs/assoc/pgl/filip/bwtandem/Zm/GCA_022117705.1_Zm-Mo17-REFERENCE-CAU-T2T-assembly_genomic.fna"
[1] "Currently registered parallel backend name, version and cores"
[1] "doParallelMC"
[1] "1.0.17"
[1] 2
[1] "Sequences to analyse:"
                                                        file.name fasta.name
2  GCA_022117705.1_Zm-Mo17-REFERENCE-CAU-T2T-assembly_genomic.fna CM039150.1
3  GCA_022117705.1_Zm-Mo17-REFERENCE-CAU-T2T-assembly_genomic.fna CM039151.1
4  GCA_022117705.1_Zm-Mo17-REFERENCE-CAU-T2T-assembly_genomic.fna CM039152.1
5  GCA_022117705.1_Zm-Mo17-REFERENCE-CAU-T2T-assembly_genomic.fna CM039153.1
6  GCA_022117705.1_Zm-Mo17-REFERENCE-CAU-T2T-assembly_genomic.fna CM039154.1
7  GCA_022117705.1_Zm-Mo17-REFERENCE-CAU-T2T-assembly_genomic.fna CM039155.1
8  GCA_022117705.1_Zm-Mo17-REFERENCE-CAU-T2T-assembly_genomic.fna CM039156.1
9  GCA_022117705.1_Zm-Mo17-REFERENCE-CAU-T2T-assembly_genomic.fna CM039157.1
10 GCA_022117705.1_Zm-Mo17-REFERENCE-CAU-T2T-assembly_genomic.fna CM039158.1
11 GCA_022117705.1_Zm-Mo17-REFERENCE-CAU-T2T-assembly_genomic.fna CM039159.1
[1] "2026-05-21 21:14:59 PDT"
[1] "Working on sequence 1"
[1] "Repeat Identification new"
[1] "/data/gpfs/assoc/pgl/filip/bwtandem/benchmarking_results/trash/results/GCA_022117705.1_Zm-Mo17-REFERENCE-CAU-T2T-assembly_genomic_trash_denovo_exp3B_satellite"
[1] "GCA_022117705.1_Zm-Mo17-REFERENCE-CAU-T2T-assembly_genomic.fna"
[1] "2026-05-21 21:14:59 PDT"
[1] "Working on sequence 2"
[1] "Repeat Identification new"
[1] "/data/gpfs/assoc/pgl/filip/bwtandem/benchmarking_results/trash/results/GCA_022117705.1_Zm-Mo17-REFERENCE-CAU-T2T-assembly_genomic_trash_denovo_exp3B_satellite"
[1] "GCA_022117705.1_Zm-Mo17-REFERENCE-CAU-T2T-assembly_genomic.fna"
[1] "2026-05-22 13:08:01 PDT"
[1] "Working on sequence 3"
[1] "Repeat Identification new"
[1] "/data/gpfs/assoc/pgl/filip/bwtandem/benchmarking_results/trash/results/GCA_022117705.1_Zm-Mo17-REFERENCE-CAU-T2T-assembly_genomic_trash_denovo_exp3B_satellite"
[1] "GCA_022117705.1_Zm-Mo17-REFERENCE-CAU-T2T-assembly_genomic.fna"
[1] "2026-05-22 14:31:40 PDT"
[1] "Working on sequence 4"
[1] "Repeat Identification new"
[1] "/data/gpfs/assoc/pgl/filip/bwtandem/benchmarking_results/trash/results/GCA_022117705.1_Zm-Mo17-REFERENCE-CAU-T2T-assembly_genomic_trash_denovo_exp3B_satellite"
[1] "GCA_022117705.1_Zm-Mo17-REFERENCE-CAU-T2T-assembly_genomic.fna"
[1] "2026-05-22 23:23:22 PDT"
[1] "Working on sequence 5"
[1] "Repeat Identification new"
[1] "/data/gpfs/assoc/pgl/filip/bwtandem/benchmarking_results/trash/results/GCA_022117705.1_Zm-Mo17-REFERENCE-CAU-T2T-assembly_genomic_trash_denovo_exp3B_satellite"
[1] "GCA_022117705.1_Zm-Mo17-REFERENCE-CAU-T2T-assembly_genomic.fna"
[1] "2026-05-23 02:34:03 PDT"
[1] "Working on sequence 6"
[1] "Repeat Identification new"
[1] "/data/gpfs/assoc/pgl/filip/bwtandem/benchmarking_results/trash/results/GCA_022117705.1_Zm-Mo17-REFERENCE-CAU-T2T-assembly_genomic_trash_denovo_exp3B_satellite"
[1] "GCA_022117705.1_Zm-Mo17-REFERENCE-CAU-T2T-assembly_genomic.fna"
[1] "2026-05-23 08:46:48 PDT"
[1] "Working on sequence 7"
[1] "Repeat Identification new"
[1] "/data/gpfs/assoc/pgl/filip/bwtandem/benchmarking_results/trash/results/GCA_022117705.1_Zm-Mo17-REFERENCE-CAU-T2T-assembly_genomic_trash_denovo_exp3B_satellite"
[1] "GCA_022117705.1_Zm-Mo17-REFERENCE-CAU-T2T-assembly_genomic.fna"
[1] "2026-05-23 13:32:30 PDT"
[1] "Working on sequence 8"
[1] "Repeat Identification new"
[1] "/data/gpfs/assoc/pgl/filip/bwtandem/benchmarking_results/trash/results/GCA_022117705.1_Zm-Mo17-REFERENCE-CAU-T2T-assembly_genomic_trash_denovo_exp3B_satellite"
[1] "GCA_022117705.1_Zm-Mo17-REFERENCE-CAU-T2T-assembly_genomic.fna"
[1] "2026-05-23 16:51:48 PDT"
[1] "Working on sequence 9"
[1] "Repeat Identification new"
[1] "/data/gpfs/assoc/pgl/filip/bwtandem/benchmarking_results/trash/results/GCA_022117705.1_Zm-Mo17-REFERENCE-CAU-T2T-assembly_genomic_trash_denovo_exp3B_satellite"
[1] "GCA_022117705.1_Zm-Mo17-REFERENCE-CAU-T2T-assembly_genomic.fna"
[1] "2026-05-24 03:52:50 PDT"
[1] "Working on sequence 10"
[1] "Repeat Identification new"
[1] "/data/gpfs/assoc/pgl/filip/bwtandem/benchmarking_results/trash/results/GCA_022117705.1_Zm-Mo17-REFERENCE-CAU-T2T-assembly_genomic_trash_denovo_exp3B_satellite"
[1] "GCA_022117705.1_Zm-Mo17-REFERENCE-CAU-T2T-assembly_genomic.fna"
[[1]]
NULL

[[2]]
NULL

[[3]]
NULL

[[4]]
NULL

[[5]]
NULL

[[6]]
NULL

[[7]]
NULL

[[8]]
NULL

[[9]]
NULL

[[10]]
NULL

            used   (Mb) gc trigger   (Mb)   max used   (Mb)
Ncells   2995869  160.0   30641597 1636.5   27943242 1492.4
Vcells 566493623 4322.1 1146338698 8745.9 1124412288 8578.6
[1] "Finished working on sequence 1"
[1] "2026-05-24 07:48:43 PDT"
[1] "saving repeats"
[1] "/data/gpfs/assoc/pgl/filip/bwtandem/benchmarking_results/trash/results/GCA_022117705.1_Zm-Mo17-REFERENCE-CAU-T2T-assembly_genomic_trash_denovo_exp3B_satellite"
 [1] "./GCA_022117705.1_Zm-Mo17-REFERENCE-CAU-T2T-assembly_genomic.fna_out/Regions_GCA_022117705.1_Zm-Mo17-REFERENCE-CAU-T2T-assembly_genomic.fna_CM039150.1.csv"
 [2] "./GCA_022117705.1_Zm-Mo17-REFERENCE-CAU-T2T-assembly_genomic.fna_out/Regions_GCA_022117705.1_Zm-Mo17-REFERENCE-CAU-T2T-assembly_genomic.fna_CM039151.1.csv"
 [3] "./GCA_022117705.1_Zm-Mo17-REFERENCE-CAU-T2T-assembly_genomic.fna_out/Regions_GCA_022117705.1_Zm-Mo17-REFERENCE-CAU-T2T-assembly_genomic.fna_CM039152.1.csv"
 [4] "./GCA_022117705.1_Zm-Mo17-REFERENCE-CAU-T2T-assembly_genomic.fna_out/Regions_GCA_022117705.1_Zm-Mo17-REFERENCE-CAU-T2T-assembly_genomic.fna_CM039153.1.csv"
 [5] "./GCA_022117705.1_Zm-Mo17-REFERENCE-CAU-T2T-assembly_genomic.fna_out/Regions_GCA_022117705.1_Zm-Mo17-REFERENCE-CAU-T2T-assembly_genomic.fna_CM039154.1.csv"
 [6] "./GCA_022117705.1_Zm-Mo17-REFERENCE-CAU-T2T-assembly_genomic.fna_out/Regions_GCA_022117705.1_Zm-Mo17-REFERENCE-CAU-T2T-assembly_genomic.fna_CM039155.1.csv"
 [7] "./GCA_022117705.1_Zm-Mo17-REFERENCE-CAU-T2T-assembly_genomic.fna_out/Regions_GCA_022117705.1_Zm-Mo17-REFERENCE-CAU-T2T-assembly_genomic.fna_CM039156.1.csv"
 [8] "./GCA_022117705.1_Zm-Mo17-REFERENCE-CAU-T2T-assembly_genomic.fna_out/Regions_GCA_022117705.1_Zm-Mo17-REFERENCE-CAU-T2T-assembly_genomic.fna_CM039157.1.csv"
 [9] "./GCA_022117705.1_Zm-Mo17-REFERENCE-CAU-T2T-assembly_genomic.fna_out/Regions_GCA_022117705.1_Zm-Mo17-REFERENCE-CAU-T2T-assembly_genomic.fna_CM039158.1.csv"
[10] "./GCA_022117705.1_Zm-Mo17-REFERENCE-CAU-T2T-assembly_genomic.fna_out/Regions_GCA_022117705.1_Zm-Mo17-REFERENCE-CAU-T2T-assembly_genomic.fna_CM039159.1.csv"
[1] "start extract repeats from GCA_022117705.1_Zm-Mo17-REFERENCE-CAU-T2T-assembly_genomic.fna"
[1] "saving regions no:"
[1] 2445
[1] "save region:"
[1] 1
[1] 3001
[1] "save region:"
[1] 2
[1] 2
[1] "save region:"
[1] 3
[1] 2
[1] "save region:"
[1] 4
[1] 3
[1] "save region:"
[1] 5
[1] 7
[1] "save region:"
[1] 6
[1] 9
[1] "save region:"
[1] 7
[1] 14
[1] "save region:"
[1] 8
[1] 21
[1] "save region:"
[1] 9
[1] 4
[1] "save region:"
[1] 10
[1] 32
[1] "save region:"
[1] 11
[1] 6
[1] "save region:"
[1] 12
[1] 15
[1] "save region:"
[1] 13
[1] 55
[1] "save region:"
[1] 14
[1] 17
[1] "save region:"
[1] 15
[1] 214
[1] "save region:"
[1] 16
[1] 84
[1] "save region:"
[1] 17
[1] 33
[1] "save region:"
[1] 18
[1] 104
[1] "save region:"
[1] 19
[1] 103
[1] "save region:"
[1] 20
[1] 15
[1] "save region:"
[1] 21
[1] 6
[1] "save region:"
[1] 22
[1] 8
[1] "save region:"
[1] 23
[1] 41
[1] "save region:"
[1] 24
[1] 86
[1] "save region:"
[1] 25
[1] 45
[1] "save region:"
[1] 26
[1] 11
[1] "save region:"
[1] 27
[1] 62
[1] "save region:"
[1] 28
[1] 44
[1] "save region:"
[1] 29
[1] 146
[1] "save region:"
[1] 30
[1] 38
[1] "save region:"
[1] 31
[1] 14
[1] "save region:"
[1] 32
[1] 15
[1] "save region:"
[1] 33
[1] 242
[1] "save region:"
[1] 34
[1] 18
[1] "save region:"
[1] 35
[1] 138
[1] "save region:"
[1] 36
[1] 184
[1] "save region:"
[1] 37
[1] 111
[1] "save region:"
[1] 38
[1] 233
[1] "save region:"
[1] 39
[1] 4
[1] "save region:"
[1] 40
[1] 210
[1] "save region:"
[1] 41
[1] 70
[1] "save region:"
[1] 42
[1] 25
[1] "save region:"
[1] 43
[1] 57
[1] "save region:"
[1] 44
[1] 168
[1] "save region:"
[1] 45
[1] 33
[1] "save region:"
[1] 46
[1] 156
[1] "save region:"
[1] 47
[1] 288
[1] "save region:"
[1] 48
[1] 113
[1] "save region:"
[1] 49
[1] 185
[1] "save region:"
[1] 50
[1] 540
[1] "save region:"
[1] 51
[1] 72
[1] "save region:"
[1] 52
[1] 81
[1] "save region:"
[1] 53
[1] 47
[1] "save region:"
[1] 54
[1] 23
[1] "save region:"
[1] 55
[1] 37
[1] "save region:"
[1] 56
[1] 129
[1] "save region:"
[1] 57
[1] 38
[1] "save region:"
[1] 58
[1] 24
[1] "save region:"
[1] 59
[1] 21
[1] "save region:"
[1] 60
[1] 57
[1] "save region:"
[1] 61
[1] 75
[1] "save region:"
[1] 62
[1] 91
[1] "save region:"
[1] 63
[1] 33
[1] "save region:"
[1] 64
[1] 58
[1] "save region:"
[1] 65
[1] 38
[1] "save region:"
[1] 66
[1] 55
[1] "save region:"
[1] 67
[1] 11
[1] "save region:"
[1] 68
[1] 297
[1] "save region:"
[1] 69
[1] 159
[1] "save region:"
[1] 70
[1] 322
[1] "save region:"
[1] 71
[1] 124
[1] "save region:"
[1] 72
[1] 52
[1] "save region:"
[1] 73
[1] 27
[1] "save region:"
[1] 74
[1] 52
[1] "save region:"
[1] 75
[1] 17
[1] "save region:"
[1] 76
[1] 59
[1] "save region:"
[1] 77
[1] 133
[1] "save region:"
[1] 78
[1] 32
[1] "save region:"
[1] 79
[1] 18
[1] "save region:"
[1] 80
[1] 16
[1] "save region:"
[1] 81
[1] 8
[1] "save region:"
[1] 82
[1] 23
[1] "save region:"
[1] 83
[1] 6
[1] "save region:"
[1] 84
[1] 51
[1] "save region:"
[1] 85
[1] 6
[1] "save region:"
[1] 86
[1] 10
[1] "save region:"
[1] 87
[1] 17
[1] "save region:"
[1] 88
[1] 4
[1] "save region:"
[1] 89
[1] 6
[1] "save region:"
[1] 90
[1] 21
[1] "save region:"
[1] 91
[1] 30
[1] "save region:"
[1] 92
[1] 10
[1] "save region:"
[1] 93
[1] 10
[1] "save region:"
[1] 94
[1] 26
[1] "save region:"
[1] 95
[1] 13
[1] "save region:"
[1] 96
[1] 13
[1] "save region:"
[1] 97
[1] 77
[1] "save region:"
[1] 98
[1] 12
[1] "save region:"
[1] 99
[1] 14
[1] "save region:"
[1] 100
[1] 12
[1] "save region:"
[1] 101
[1] 1036
[1] "save region:"
[1] 102
[1] 17
[1] "save region:"
[1] 103
[1] 18
[1] "save region:"
[1] 104
[1] 22
[1] "save region:"
[1] 105
[1] 22
[1] "save region:"
[1] 106
[1] 24
[1] "save region:"
[1] 107
[1] 22
[1] "save region:"
[1] 108
[1] 39
[1] "save region:"
[1] 109
[1] 5
[1] "save region:"
[1] 110
[1] 8
[1] "save region:"
[1] 111
[1] 8
[1] "save region:"
[1] 112
[1] 2
[1] "save region:"
[1] 113
[1] 4
[1] "save region:"
[1] 114
[1] 21
[1] "save region:"
[1] 115
[1] 4
[1] "save region:"
[1] 116
[1] 6
[1] "save region:"
[1] 117
[1] 5
[1] "save region:"
[1] 118
[1] 54
[1] "save region:"
[1] 119
[1] 44
[1] "save region:"
[1] 120
[1] 5
[1] "save region:"
[1] 121
[1] 56
[1] "save region:"
[1] 122
[1] 66
[1] "save region:"
[1] 123
[1] 2
[1] "save region:"
[1] 124
[1] 9
[1] "save region:"
[1] 125
[1] 27
[1] "save region:"
[1] 126
[1] 32
[1] "save region:"
[1] 127
[1] 48
[1] "save region:"
[1] 128
[1] 25
[1] "save region:"
[1] 129
[1] 14
[1] "save region:"
[1] 130
[1] 30
[1] "save region:"
[1] 131
[1] 182
[1] "save region:"
[1] 132
[1] 11
[1] "save region:"
[1] 133
[1] 34
[1] "save region:"
[1] 134
[1] 38
[1] "save region:"
[1] 135
[1] 8889
[1] "save region:"
[1] 136
[1] 9472
[1] "save region:"
[1] 137
[1] 2438
[1] "save region:"
[1] 138
[1] 54412
[1] "save region:"
[1] 139
[1] 789
[1] "save region:"
[1] 140
[1] 880
[1] "save region:"
[1] 141
[1] 1014
[1] "save region:"
[1] 142
[1] 1830
[1] "save region:"
[1] 143
[1] 1
[1] "save region:"
[1] 144
[1] 26
[1] "save region:"
[1] 145
[1] 4
[1] "save region:"
[1] 146
[1] 14
[1] "save region:"
[1] 147
[1] 5
[1] "save region:"
[1] 148
[1] 21
[1] "save region:"
[1] 149
[1] 10
[1] "save region:"
[1] 150
[1] 2
[1] "save region:"
[1] 151
[1] 10
[1] "save region:"
[1] 152
[1] 3
[1] "save region:"
[1] 153
[1] 5
[1] "save region:"
[1] 154
[1] 14
[1] "save region:"
[1] 155
[1] 118
[1] "save region:"
[1] 156
[1] 8
[1] "save region:"
[1] 157
[1] 407
[1] "save region:"
[1] 158
[1] 55203
[1] "save region:"
[1] 159
[1] 38
[1] "save region:"
[1] 160
[1] 951
[1] "save region:"
[1] 161
[1] 2767
[1] "save region:"
[1] 162
[1] 3895
[1] "save region:"
[1] 163
[1] 2881
[1] "save region:"
[1] 164
[1] 2096
[1] "save region:"
[1] 165
[1] 7797
[1] "save region:"
[1] 166
[1] 7228
[1] "save region:"
[1] 167
[1] 2571
[1] "save region:"
[1] 168
[1] 4744
[1] "save region:"
[1] 169
[1] 6610
[1] "save region:"
[1] 170
[1] 767
[1] "save region:"
[1] 171
[1] 17852
[1] "save region:"
[1] 172
[1] 861
[1] "save region:"
[1] 173
[1] 1085
[1] "save region:"
[1] 174
[1] 6
[1] "save region:"
[1] 175
[1] 2
[1] "save region:"
[1] 176
[1] 1387
[1] "save region:"
[1] 177
[1] 580
[1] "save region:"
[1] 178
[1] 265
[1] "save region:"
[1] 179
[1] 10
[1] "save region:"
[1] 180
[1] 18
[1] "save region:"
[1] 181
[1] 3
[1] "save region:"
[1] 182
[1] 5
[1] "save region:"
[1] 183
[1] 53
[1] "save region:"
[1] 184
[1] 8
[1] "save region:"
[1] 185
[1] 51
[1] "save region:"
[1] 186
[1] 3
[1] "save region:"
[1] 187
[1] 4
[1] "save region:"
[1] 188
[1] 16
[1] "save region:"
[1] 189
[1] 26
[1] "save region:"
[1] 190
[1] 15
[1] "save region:"
[1] 191
[1] 45
[1] "save region:"
[1] 192
[1] 43
[1] "save region:"
[1] 193
[1] 52
[1] "save region:"
[1] 194
[1] 60
[1] "save region:"
[1] 195
[1] 10
[1] "save region:"
[1] 196
[1] 54
[1] "save region:"
[1] 197
[1] 9
[1] "save region:"
[1] 198
[1] 3
[1] "save region:"
[1] 199
[1] 16
[1] "save region:"
[1] 200
[1] 4
[1] "save region:"
[1] 201
[1] 12
[1] "save region:"
[1] 202
[1] 5
[1] "save region:"
[1] 203
[1] 34
[1] "save region:"
[1] 204
[1] 129
[1] "save region:"
[1] 205
[1] 10
[1] "save region:"
[1] 206
[1] 33
[1] "save region:"
[1] 207
[1] 10
[1] "save region:"
[1] 208
[1] 42
[1] "save region:"
[1] 209
[1] 2
[1] "save region:"
[1] 210
[1] 11
[1] "save region:"
[1] 211
[1] 14
[1] "save region:"
[1] 212
[1] 5
[1] "save region:"
[1] 213
[1] 2
[1] "save region:"
[1] 214
[1] 2
[1] "save region:"
[1] 215
[1] 3
[1] "save region:"
[1] 216
[1] 42
[1] "save region:"
[1] 217
[1] 30
[1] "save region:"
[1] 218
[1] 3
[1] "save region:"
[1] 219
[1] 8
[1] "save region:"
[1] 220
[1] 20
[1] "save region:"
[1] 221
[1] 10
[1] "save region:"
[1] 222
[1] 7
[1] "save region:"
[1] 223
[1] 66
[1] "save region:"
[1] 224
[1] 11
[1] "save region:"
[1] 225
[1] 6736
[1] "save region:"
[1] 226
[1] 2
[1] "save region:"
[1] 227
[1] 10
[1] "save region:"
[1] 228
[1] 4
[1] "save region:"
[1] 229
[1] 2
[1] "save region:"
[1] 230
[1] 7
[1] "save region:"
[1] 231
[1] 3
[1] "save region:"
[1] 232
[1] 50
[1] "save region:"
[1] 233
[1] 91
[1] "save region:"
[1] 234
[1] 9
[1] "save region:"
[1] 235
[1] 15
[1] "save region:"
[1] 236
[1] 2
[1] "save region:"
[1] 237
[1] 31
[1] "save region:"
[1] 238
[1] 5
[1] "save region:"
[1] 239
[1] 13
[1] "save region:"
[1] 240
[1] 34
[1] "save region:"
[1] 241
[1] 46
[1] "save region:"
[1] 242
[1] 169
[1] "save region:"
[1] 243
[1] 19
[1] "save region:"
[1] 244
[1] 10
[1] "save region:"
[1] 245
[1] 9
[1] "save region:"
[1] 246
[1] 15
[1] "save region:"
[1] 247
[1] 5
[1] "save region:"
[1] 248
[1] 59
[1] "save region:"
[1] 249
[1] 26
[1] "save region:"
[1] 250
[1] 5
[1] "save region:"
[1] 251
[1] 8
[1] "save region:"
[1] 252
[1] 35
[1] "save region:"
[1] 253
[1] 29
[1] "save region:"
[1] 254
[1] 54
[1] "save region:"
[1] 255
[1] 8
[1] "save region:"
[1] 256
[1] 9
[1] "save region:"
[1] 257
[1] 4
[1] "save region:"
[1] 258
[1] 65
[1] "save region:"
[1] 259
[1] 28
[1] "save region:"
[1] 260
[1] 23
[1] "save region:"
[1] 261
[1] 6
[1] "save region:"
[1] 262
[1] 16
[1] "save region:"
[1] 263
[1] 18
[1] "save region:"
[1] 264
[1] 17
[1] "save region:"
[1] 265
[1] 87
[1] "save region:"
[1] 266
[1] 12
[1] "save region:"
[1] 267
[1] 8
[1] "save region:"
[1] 268
[1] 27
[1] "save region:"
[1] 269
[1] 10
[1] "save region:"
[1] 270
[1] 10
[1] "save region:"
[1] 271
[1] 7
[1] "save region:"
[1] 272
[1] 6
[1] "save region:"
[1] 273
[1] 6
[1] "save region:"
[1] 274
[1] 47
[1] "save region:"
[1] 275
[1] 7
[1] "save region:"
[1] 276
[1] 16
[1] "save region:"
[1] 277
[1] 13
[1] "save region:"
[1] 278
[1] 50
[1] "save region:"
[1] 279
[1] 45
[1] "save region:"
[1] 280
[1] 48
[1] "save region:"
[1] 281
[1] 4
[1] "save region:"
[1] 282
[1] 2
[1] "save region:"
[1] 283
[1] 48
[1] "save region:"
[1] 284
[1] 48
[1] "save region:"
[1] 285
[1] 8
[1] "save region:"
[1] 286
[1] 81
[1] "save region:"
[1] 287
[1] 11
[1] "save region:"
[1] 288
[1] 3
[1] "save region:"
[1] 289
[1] 3010
[1] "save region:"
[1] 290
[1] 3
[1] "save region:"
[1] 291
[1] 35
[1] "save region:"
[1] 292
[1] 36
[1] "save region:"
[1] 293
[1] 274
[1] "save region:"
[1] 294
[1] 8
[1] "save region:"
[1] 295
[1] 3
[1] "save region:"
[1] 296
[1] 1
[1] "save region:"
[1] 297
[1] 14
[1] "save region:"
[1] 298
[1] 12
[1] "save region:"
[1] 299
[1] 4
[1] "save region:"
[1] 300
[1] 7
[1] "save region:"
[1] 301
[1] 40
[1] "save region:"
[1] 302
[1] 2
[1] "save region:"
[1] 303
[1] 1
[1] "save region:"
[1] 304
[1] 10
[1] "save region:"
[1] 305
[1] 95
[1] "save region:"
[1] 306
[1] 4
[1] "save region:"
[1] 307
[1] 10
[1] "save region:"
[1] 308
[1] 8
[1] "save region:"
[1] 309
[1] 162
[1] "save region:"
[1] 310
[1] 6
[1] "save region:"
[1] 311
[1] 40
[1] "save region:"
[1] 312
[1] 3
[1] "save region:"
[1] 313
[1] 3
[1] "save region:"
[1] 314
[1] 69
[1] "save region:"
[1] 315
[1] 24
[1] "save region:"
[1] 316
[1] 41
[1] "save region:"
[1] 317
[1] 5
[1] "save region:"
[1] 318
[1] 122
[1] "save region:"
[1] 319
[1] 1
[1] "save region:"
[1] 320
[1] 21
[1] "save region:"
[1] 321
[1] 5
[1] "save region:"
[1] 322
[1] 10
[1] "save region:"
[1] 323
[1] 2
[1] "save region:"
[1] 324
[1] 12
[1] "save region:"
[1] 325
[1] 10
[1] "save region:"
[1] 326
[1] 6
[1] "save region:"
[1] 327
[1] 68
[1] "save region:"
[1] 328
[1] 35
[1] "save region:"
[1] 329
[1] 4
[1] "save region:"
[1] 330
[1] 18
[1] "save region:"
[1] 331
[1] 3
[1] "save region:"
[1] 332
[1] 28
[1] "save region:"
[1] 333
[1] 8
[1] "save region:"
[1] 334
[1] 5
[1] "save region:"
[1] 335
[1] 4
[1] "save region:"
[1] 336
[1] 22
[1] "save region:"
[1] 337
[1] 12
[1] "save region:"
[1] 338
[1] 35
[1] "save region:"
[1] 339
[1] 5
[1] "save region:"
[1] 340
[1] 6
[1] "save region:"
[1] 341
[1] 7
[1] "save region:"
[1] 342
[1] 12
[1] "save region:"
[1] 343
[1] 3
[1] "save region:"
[1] 344
[1] 366
[1] "save region:"
[1] 345
[1] 10
[1] "save region:"
[1] 346
[1] 2
[1] "save region:"
[1] 347
[1] 46
[1] "save region:"
[1] 348
[1] 9
[1] "save region:"
[1] 349
[1] 63
[1] "save region:"
[1] 350
[1] 100
[1] "save region:"
[1] 351
[1] 2
[1] "save region:"
[1] 352
[1] 4
[1] "save region:"
[1] 353
[1] 15
[1] "save region:"
[1] 354
[1] 78476
[1] "save region:"
[1] 355
[1] 374
[1] "save region:"
[1] 356
[1] 513
[1] "save region:"
[1] 357
[1] 1248
[1] "save region:"
[1] 358
[1] 962
[1] "save region:"
[1] 359
[1] 1595
[1] "save region:"
[1] 360
[1] 881
[1] "save region:"
[1] 361
[1] 2559
[1] "save region:"
[1] 362
[1] 2711
[1] "save region:"
[1] 363
[1] 43464
[1] "save region:"
[1] 364
[1] 2276
[1] "save region:"
[1] 365
[1] 1148
[1] "save region:"
[1] 366
[1] 2111
[1] "save region:"
[1] 367
[1] 5959
[1] "save region:"
[1] 368
[1] 1866
[1] "save region:"
[1] 369
[1] 3366
[1] "save region:"
[1] 370
[1] 9956
[1] "save region:"
[1] 371
[1] 944
[1] "save region:"
[1] 372
[1] 810
[1] "save region:"
[1] 373
[1] 5579
[1] "save region:"
[1] 374
[1] 1504
[1] "save region:"
[1] 375
[1] 2084
[1] "save region:"
[1] 376
[1] 1793
[1] "save region:"
[1] 377
[1] 107
[1] "save region:"
[1] 378
[1] 1467
[1] "save region:"
[1] 379
[1] 20233
[1] "save region:"
[1] 380
[1] 11732
[1] "save region:"
[1] 381
[1] 683
[1] "save region:"
[1] 382
[1] 22225
[1] "save region:"
[1] 383
[1] 3159
[1] "save region:"
[1] 384
[1] 5942
[1] "save region:"
[1] 385
[1] 2853
[1] "save region:"
[1] 386
[1] 3738
[1] "save region:"
[1] 387
[1] 541
[1] "save region:"
[1] 388
[1] 2861
[1] "save region:"
[1] 389
[1] 749
[1] "save region:"
[1] 390
[1] 239
[1] "save region:"
[1] 391
[1] 939
[1] "save region:"
[1] 392
[1] 828
[1] "save region:"
[1] 393
[1] 940
[1] "save region:"
[1] 394
[1] 938
[1] "save region:"
[1] 395
[1] 193
[1] "save region:"
[1] 396
[1] 14
[1] "save region:"
[1] 397
[1] 7
[1] "save region:"
[1] 398
[1] 14
[1] "save region:"
[1] 399
[1] 6
[1] "save region:"
[1] 400
[1] 17
[1] "save region:"
[1] 401
[1] 10
[1] "save region:"
[1] 402
[1] 5
[1] "save region:"
[1] 403
[1] 18
[1] "save region:"
[1] 404
[1] 18
[1] "save region:"
[1] 405
[1] 281
[1] "save region:"
[1] 406
[1] 3014
[1] "save region:"
[1] 407
[1] 1297
[1] "save region:"
[1] 408
[1] 6105
[1] "save region:"
[1] 409
[1] 1329
[1] "save region:"
[1] 410
[1] 1458
[1] "save region:"
[1] 411
[1] 3
[1] "save region:"
[1] 412
[1] 8
[1] "save region:"
[1] 413
[1] 7
[1] "save region:"
[1] 414
[1] 18
[1] "save region:"
[1] 415
[1] 5
[1] "save region:"
[1] 416
[1] 10
[1] "save region:"
[1] 417
[1] 9
[1] "save region:"
[1] 418
[1] 36
[1] "save region:"
[1] 419
[1] 40
[1] "save region:"
[1] 420
[1] 747
[1] "save region:"
[1] 421
[1] 232
[1] "save region:"
[1] 422
[1] 126
[1] "save region:"
[1] 423
[1] 83
[1] "save region:"
[1] 424
[1] 52
[1] "save region:"
[1] 425
[1] 23
[1] "save region:"
[1] 426
[1] 15
[1] "save region:"
[1] 427
[1] 18
[1] "save region:"
[1] 428
[1] 74
[1] "save region:"
[1] 429
[1] 5
[1] "save region:"
[1] 430
[1] 325
[1] "save region:"
[1] 431
[1] 50
[1] "save region:"
[1] 432
[1] 92
[1] "save region:"
[1] 433
[1] 15
[1] "save region:"
[1] 434
[1] 10
[1] "save region:"
[1] 435
[1] 51
[1] "save region:"
[1] 436
[1] 45
[1] "save region:"
[1] 437
[1] 1
[1] "save region:"
[1] 438
[1] 108
[1] "save region:"
[1] 439
[1] 4
[1] "save region:"
[1] 440
[1] 44
[1] "save region:"
[1] 441
[1] 4
[1] "save region:"
[1] 442
[1] 15
[1] "save region:"
[1] 443
[1] 2
[1] "save region:"
[1] 444
[1] 9
[1] "save region:"
[1] 445
[1] 11
[1] "save region:"
[1] 446
[1] 85
[1] "save region:"
[1] 447
[1] 58
[1] "save region:"
[1] 448
[1] 7
[1] "save region:"
[1] 449
[1] 3
[1] "save region:"
[1] 450
[1] 7
[1] "save region:"
[1] 451
[1] 22
[1] "save region:"
[1] 452
[1] 9
[1] "save region:"
[1] 453
[1] 11
[1] "save region:"
[1] 454
[1] 41
[1] "save region:"
[1] 455
[1] 10
[1] "save region:"
[1] 456
[1] 12
[1] "save region:"
[1] 457
[1] 70
[1] "save region:"
[1] 458
[1] 32
[1] "save region:"
[1] 459
[1] 3582
[1] "save region:"
[1] 460
[1] 6
[1] "save region:"
[1] 461
[1] 12
[1] "save region:"
[1] 462
[1] 6
[1] "save region:"
[1] 463
[1] 2
[1] "save region:"
[1] 464
[1] 6
[1] "save region:"
[1] 465
[1] 8
[1] "save region:"
[1] 466
[1] 26
[1] "save region:"
[1] 467
[1] 5
[1] "save region:"
[1] 468
[1] 38
[1] "save region:"
[1] 469
[1] 19
[1] "save region:"
[1] 470
[1] 4
[1] "save region:"
[1] 471
[1] 23
[1] "save region:"
[1] 472
[1] 11
[1] "save region:"
[1] 473
[1] 7
[1] "save region:"
[1] 474
[1] 66
[1] "save region:"
[1] 475
[1] 5
[1] "save region:"
[1] 476
[1] 25
[1] "save region:"
[1] 477
[1] 5
[1] "save region:"
[1] 478
[1] 12
[1] "save region:"
[1] 479
[1] 6
[1] "save region:"
[1] 480
[1] 3
[1] "save region:"
[1] 481
[1] 8
[1] "save region:"
[1] 482
[1] 346
[1] "save region:"
[1] 483
[1] 5
[1] "save region:"
[1] 484
[1] 6
[1] "save region:"
[1] 485
[1] 1
[1] "save region:"
[1] 486
[1] 9
[1] "save region:"
[1] 487
[1] 143
[1] "save region:"
[1] 488
[1] 68
[1] "save region:"
[1] 489
[1] 10
[1] "save region:"
[1] 490
[1] 32
[1] "save region:"
[1] 491
[1] 51
[1] "save region:"
[1] 492
[1] 18
[1] "save region:"
[1] 493
[1] 3
[1] "save region:"
[1] 494
[1] 7
[1] "save region:"
[1] 495
[1] 11
[1] "save region:"
[1] 496
[1] 5
[1] "save region:"
[1] 497
[1] 43
[1] "save region:"
[1] 498
[1] 66
[1] "save region:"
[1] 499
[1] 3
[1] "save region:"
[1] 500
[1] 70065
[1] "save region:"
[1] 501
[1] 7
[1] "save region:"
[1] 502
[1] 16
[1] "save region:"
[1] 503
[1] 8
[1] "save region:"
[1] 504
[1] 21
[1] "save region:"
[1] 505
[1] 73
[1] "save region:"
[1] 506
[1] 3
[1] "save region:"
[1] 507
[1] 8
[1] "save region:"
[1] 508
[1] 7
[1] "save region:"
[1] 509
[1] 12
[1] "save region:"
[1] 510
[1] 7
[1] "save region:"
[1] 511
[1] 4
[1] "save region:"
[1] 512
[1] 83
[1] "save region:"
[1] 513
[1] 140
[1] "save region:"
[1] 514
[1] 68
[1] "save region:"
[1] 515
[1] 579
[1] "save region:"
[1] 516
[1] 175
[1] "save region:"
[1] 517
[1] 198
[1] "save region:"
[1] 518
[1] 9
[1] "save region:"
[1] 519
[1] 194
[1] "save region:"
[1] 520
[1] 9
[1] "save region:"
[1] 521
[1] 3135
[1] "save region:"
[1] 522
[1] 3
[1] "save region:"
[1] 523
[1] 4
[1] "save region:"
[1] 524
[1] 6
[1] "save region:"
[1] 525
[1] 8
[1] "save region:"
[1] 526
[1] 48
[1] "save region:"
[1] 527
[1] 1
[1] "save region:"
[1] 528
[1] 6
[1] "save region:"
[1] 529
[1] 5
[1] "save region:"
[1] 530
[1] 6
[1] "save region:"
[1] 531
[1] 7
[1] "save region:"
[1] 532
[1] 7
[1] "save region:"
[1] 533
[1] 16
[1] "save region:"
[1] 534
[1] 15
[1] "save region:"
[1] 535
[1] 14
[1] "save region:"
[1] 536
[1] 12
[1] "save region:"
[1] 537
[1] 9
[1] "save region:"
[1] 538
[1] 4
[1] "save region:"
[1] 539
[1] 10
[1] "save region:"
[1] 540
[1] 8
[1] "save region:"
[1] 541
[1] 33
[1] "save region:"
[1] 542
[1] 7
[1] "save region:"
[1] 543
[1] 8
[1] "save region:"
[1] 544
[1] 8
[1] "save region:"
[1] 545
[1] 1
[1] "save region:"
[1] 546
[1] 35
[1] "save region:"
[1] 547
[1] 4
[1] "save region:"
[1] 548
[1] 8
[1] "save region:"
[1] 549
[1] 168
[1] "save region:"
[1] 550
[1] 7
[1] "save region:"
[1] 551
[1] 6
[1] "save region:"
[1] 552
[1] 24
[1] "save region:"
[1] 553
[1] 8
[1] "save region:"
[1] 554
[1] 5
[1] "save region:"
[1] 555
[1] 8
[1] "save region:"
[1] 556
[1] 10
[1] "save region:"
[1] 557
[1] 51
[1] "save region:"
[1] 558
[1] 16
[1] "save region:"
[1] 559
[1] 106
[1] "save region:"
[1] 560
[1] 5
[1] "save region:"
[1] 561
[1] 18
[1] "save region:"
[1] 562
[1] 7
[1] "save region:"
[1] 563
[1] 17
[1] "save region:"
[1] 564
[1] 14
[1] "save region:"
[1] 565
[1] 5
[1] "save region:"
[1] 566
[1] 5
[1] "save region:"
[1] 567
[1] 50
[1] "save region:"
[1] 568
[1] 6
[1] "save region:"
[1] 569
[1] 13
[1] "save region:"
[1] 570
[1] 2
[1] "save region:"
[1] 571
[1] 7
[1] "save region:"
[1] 572
[1] 10
[1] "save region:"
[1] 573
[1] 34
[1] "save region:"
[1] 574
[1] 13
[1] "save region:"
[1] 575
[1] 3
[1] "save region:"
[1] 576
[1] 11
[1] "save region:"
[1] 577
[1] 49
[1] "save region:"
[1] 578
[1] 11
[1] "save region:"
[1] 579
[1] 15
[1] "save region:"
[1] 580
[1] 3
[1] "save region:"
[1] 581
[1] 12
[1] "save region:"
[1] 582
[1] 11
[1] "save region:"
[1] 583
[1] 4
[1] "save region:"
[1] 584
[1] 14
[1] "save region:"
[1] 585
[1] 5
[1] "save region:"
[1] 586
[1] 62
[1] "save region:"
[1] 587
[1] 93
[1] "save region:"
[1] 588
[1] 27
[1] "save region:"
[1] 589
[1] 9
[1] "save region:"
[1] 590
[1] 108
[1] "save region:"
[1] 591
[1] 10
[1] "save region:"
[1] 592
[1] 33
[1] "save region:"
[1] 593
[1] 11
[1] "save region:"
[1] 594
[1] 15
[1] "save region:"
[1] 595
[1] 8
[1] "save region:"
[1] 596
[1] 74
[1] "save region:"
[1] 597
[1] 247
[1] "save region:"
[1] 598
[1] 16
[1] "save region:"
[1] 599
[1] 3
[1] "save region:"
[1] 600
[1] 2
[1] "save region:"
[1] 601
[1] 6
[1] "save region:"
[1] 602
[1] 50
[1] "save region:"
[1] 603
[1] 2
[1] "save region:"
[1] 604
[1] 7
[1] "save region:"
[1] 605
[1] 3
[1] "save region:"
[1] 606
[1] 74
[1] "save region:"
[1] 607
[1] 4701
[1] "save region:"
[1] 608
[1] 4
[1] "save region:"
[1] 609
[1] 12
[1] "save region:"
[1] 610
[1] 42
[1] "save region:"
[1] 611
[1] 46
[1] "save region:"
[1] 612
[1] 1
[1] "save region:"
[1] 613
[1] 2
[1] "save region:"
[1] 614
[1] 43
[1] "save region:"
[1] 615
[1] 3
[1] "save region:"
[1] 616
[1] 25
[1] "save region:"
[1] 617
[1] 11
[1] "save region:"
[1] 618
[1] 5
[1] "save region:"
[1] 619
[1] 9
[1] "save region:"
[1] 620
[1] 47
[1] "save region:"
[1] 621
[1] 26
[1] "save region:"
[1] 622
[1] 4
[1] "save region:"
[1] 623
[1] 78
[1] "save region:"
[1] 624
[1] 11
[1] "save region:"
[1] 625
[1] 7
[1] "save region:"
[1] 626
[1] 37
[1] "save region:"
[1] 627
[1] 112
[1] "save region:"
[1] 628
[1] 11
[1] "save region:"
[1] 629
[1] 4
[1] "save region:"
[1] 630
[1] 8
[1] "save region:"
[1] 631
[1] 3
[1] "save region:"
[1] 632
[1] 6
[1] "save region:"
[1] 633
[1] 4
[1] "save region:"
[1] 634
[1] 43
[1] "save region:"
[1] 635
[1] 7
[1] "save region:"
[1] 636
[1] 43
[1] "save region:"
[1] 637
[1] 15
[1] "save region:"
[1] 638
[1] 60
[1] "save region:"
[1] 639
[1] 17
[1] "save region:"
[1] 640
[1] 52
[1] "save region:"
[1] 641
[1] 38
[1] "save region:"
[1] 642
[1] 19
[1] "save region:"
[1] 643
[1] 209
[1] "save region:"
[1] 644
[1] 23
[1] "save region:"
[1] 645
[1] 61
[1] "save region:"
[1] 646
[1] 49
[1] "save region:"
[1] 647
[1] 37
[1] "save region:"
[1] 648
[1] 28
[1] "save region:"
[1] 649
[1] 30
[1] "save region:"
[1] 650
[1] 111
[1] "save region:"
[1] 651
[1] 96
[1] "save region:"
[1] 652
[1] 137
[1] "save region:"
[1] 653
[1] 51
[1] "save region:"
[1] 654
[1] 97
[1] "save region:"
[1] 655
[1] 57
[1] "save region:"
[1] 656
[1] 21
[1] "save region:"
[1] 657
[1] 91
[1] "save region:"
[1] 658
[1] 27
[1] "save region:"
[1] 659
[1] 31
[1] "save region:"
[1] 660
[1] 91
[1] "save region:"
[1] 661
[1] 88
[1] "save region:"
[1] 662
[1] 42
[1] "save region:"
[1] 663
[1] 81
[1] "save region:"
[1] 664
[1] 160
[1] "save region:"
[1] 665
[1] 119
[1] "save region:"
[1] 666
[1] 44
[1] "save region:"
[1] 667
[1] 149
[1] "save region:"
[1] 668
[1] 32
[1] "save region:"
[1] 669
[1] 18
[1] "save region:"
[1] 670
[1] 156
[1] "save region:"
[1] 671
[1] 32
[1] "save region:"
[1] 672
[1] 67
[1] "save region:"
[1] 673
[1] 3
[1] "save region:"
[1] 674
[1] 6
[1] "save region:"
[1] 675
[1] 3154
[1] "save region:"
[1] 676
[1] 16
[1] "save region:"
[1] 677
[1] 41
[1] "save region:"
[1] 678
[1] 158
[1] "save region:"
[1] 679
[1] 7
[1] "save region:"
[1] 680
[1] 2
[1] "save region:"
[1] 681
[1] 7
[1] "save region:"
[1] 682
[1] 6
[1] "save region:"
[1] 683
[1] 12
[1] "save region:"
[1] 684
[1] 6
[1] "save region:"
[1] 685
[1] 3
[1] "save region:"
[1] 686
[1] 27
[1] "save region:"
[1] 687
[1] 8
[1] "save region:"
[1] 688
[1] 2
[1] "save region:"
[1] 689
[1] 13
[1] "save region:"
[1] 690
[1] 5
[1] "save region:"
[1] 691
[1] 8
[1] "save region:"
[1] 692
[1] 8
[1] "save region:"
[1] 693
[1] 180
[1] "save region:"
[1] 694
[1] 3
[1] "save region:"
[1] 695
[1] 34
[1] "save region:"
[1] 696
[1] 64
[1] "save region:"
[1] 697
[1] 34
[1] "save region:"
[1] 698
[1] 326
[1] "save region:"
[1] 699
[1] 93
[1] "save region:"
[1] 700
[1] 103
[1] "save region:"
[1] 701
[1] 21
[1] "save region:"
[1] 702
[1] 63
[1] "save region:"
[1] 703
[1] 86
[1] "save region:"
[1] 704
[1] 16
[1] "save region:"
[1] 705
[1] 3
[1] "save region:"
[1] 706
[1] 6
[1] "save region:"
[1] 707
[1] 7
[1] "save region:"
[1] 708
[1] 3
[1] "save region:"
[1] 709
[1] 30
[1] "save region:"
[1] 710
[1] 3
[1] "save region:"
[1] 711
[1] 41
[1] "save region:"
[1] 712
[1] 9
[1] "save region:"
[1] 713
[1] 20
[1] "save region:"
[1] 714
[1] 21
[1] "save region:"
[1] 715
[1] 4
[1] "save region:"
[1] 716
[1] 7
[1] "save region:"
[1] 717
[1] 8
[1] "save region:"
[1] 718
[1] 62
[1] "save region:"
[1] 719
[1] 8
[1] "save region:"
[1] 720
[1] 30
[1] "save region:"
[1] 721
[1] 13
[1] "save region:"
[1] 722
[1] 2
[1] "save region:"
[1] 723
[1] 37
[1] "save region:"
[1] 724
[1] 32
[1] "save region:"
[1] 725
[1] 23
[1] "save region:"
[1] 726
[1] 17
[1] "save region:"
[1] 727
[1] 31
[1] "save region:"
[1] 728
[1] 4
[1] "save region:"
[1] 729
[1] 10
[1] "save region:"
[1] 730
[1] 2
[1] "save region:"
[1] 731
[1] 25
[1] "save region:"
[1] 732
[1] 11
[1] "save region:"
[1] 733
[1] 7
[1] "save region:"
[1] 734
[1] 47
[1] "save region:"
[1] 735
[1] 1051
[1] "save region:"
[1] 736
[1] 1024
[1] "save region:"
[1] 737
[1] 4
[1] "save region:"
[1] 738
[1] 3354
[1] "save region:"
[1] 739
[1] 2094
[1] "save region:"
[1] 740
[1] 4605
[1] "save region:"
[1] 741
[1] 2229
[1] "save region:"
[1] 742
[1] 41
[1] "save region:"
[1] 743
[1] 1100
[1] "save region:"
[1] 744
[1] 664
[1] "save region:"
[1] 745
[1] 1468
[1] "save region:"
[1] 746
[1] 8
[1] "save region:"
[1] 747
[1] 1957
[1] "save region:"
[1] 748
[1] 1330
[1] "save region:"
[1] 749
[1] 2688
[1] "save region:"
[1] 750
[1] 4868
[1] "save region:"
[1] 751
[1] 4
[1] "save region:"
[1] 752
[1] 1469
[1] "save region:"
[1] 753
[1] 134
[1] "save region:"
[1] 754
[1] 17
[1] "save region:"
[1] 755
[1] 8061
[1] "save region:"
[1] 756
[1] 5882
[1] "save region:"
[1] 757
[1] 7212
[1] "save region:"
[1] 758
[1] 2633
[1] "save region:"
[1] 759
[1] 2818
[1] "save region:"
[1] 760
[1] 4941
[1] "save region:"
[1] 761
[1] 1637
[1] "save region:"
[1] 762
[1] 9032
[1] "save region:"
[1] 763
[1] 14
[1] "save region:"
[1] 764
[1] 1598
[1] "save region:"
[1] 765
[1] 1048
[1] "save region:"
[1] 766
[1] 1711
[1] "save region:"
[1] 767
[1] 18
[1] "save region:"
[1] 768
[1] 48
[1] "save region:"
[1] 769
[1] 36
[1] "save region:"
[1] 770
[1] 1958
[1] "save region:"
[1] 771
[1] 16
[1] "save region:"
[1] 772
[1] 91
[1] "save region:"
[1] 773
[1] 38
[1] "save region:"
[1] 774
[1] 21
[1] "save region:"
[1] 775
[1] 34
[1] "save region:"
[1] 776
[1] 26
[1] "save region:"
[1] 777
[1] 42
[1] "save region:"
[1] 778
[1] 36
[1] "save region:"
[1] 779
[1] 4980
[1] "save region:"
[1] 780
[1] 4736
[1] "save region:"
[1] 781
[1] 6
[1] "save region:"
[1] 782
[1] 5055
[1] "save region:"
[1] 783
[1] 1
[1] "save region:"
[1] 784
[1] 4810
[1] "save region:"
[1] 785
[1] 61
[1] "save region:"
[1] 786
[1] 1608
[1] "save region:"
[1] 787
[1] 1819
[1] "save region:"
[1] 788
[1] 2980
[1] "save region:"
[1] 789
[1] 11
[1] "save region:"
[1] 790
[1] 1720
[1] "save region:"
[1] 791
[1] 1821
[1] "save region:"
[1] 792
[1] 1281
[1] "save region:"
[1] 793
[1] 1175
[1] "save region:"
[1] 794
[1] 4721
[1] "save region:"
[1] 795
[1] 18
[1] "save region:"
[1] 796
[1] 42853
[1] "save region:"
[1] 797
[1] 2
[1] "save region:"
[1] 798
[1] 26
[1] "save region:"
[1] 799
[1] 67
[1] "save region:"
[1] 800
[1] 29
[1] "save region:"
[1] 801
[1] 72
[1] "save region:"
[1] 802
[1] 125
[1] "save region:"
[1] 803
[1] 16
[1] "save region:"
[1] 804
[1] 25
[1] "save region:"
[1] 805
[1] 75
[1] "save region:"
[1] 806
[1] 73
[1] "save region:"
[1] 807
[1] 125
[1] "save region:"
[1] 808
[1] 33
[1] "save region:"
[1] 809
[1] 67
[1] "save region:"
[1] 810
[1] 94
[1] "save region:"
[1] 811
[1] 6
[1] "save region:"
[1] 812
[1] 21
[1] "save region:"
[1] 813
[1] 42
[1] "save region:"
[1] 814
[1] 3
[1] "save region:"
[1] 815
[1] 51
[1] "save region:"
[1] 816
[1] 7
[1] "save region:"
[1] 817
[1] 20
[1] "save region:"
[1] 818
[1] 8
[1] "save region:"
[1] 819
[1] 17
[1] "save region:"
[1] 820
[1] 32
[1] "save region:"
[1] 821
[1] 94
[1] "save region:"
[1] 822
[1] 7
[1] "save region:"
[1] 823
[1] 5
[1] "save region:"
[1] 824
[1] 7
[1] "save region:"
[1] 825
[1] 5
[1] "save region:"
[1] 826
[1] 1
[1] "save region:"
[1] 827
[1] 3
[1] "save region:"
[1] 828
[1] 28
[1] "save region:"
[1] 829
[1] 37
[1] "save region:"
[1] 830
[1] 11
[1] "save region:"
[1] 831
[1] 3
[1] "save region:"
[1] 832
[1] 38
[1] "save region:"
[1] 833
[1] 40
[1] "save region:"
[1] 834
[1] 40
[1] "save region:"
[1] 835
[1] 39
[1] "save region:"
[1] 836
[1] 22
[1] "save region:"
[1] 837
[1] 12
[1] "save region:"
[1] 838
[1] 4
[1] "save region:"
[1] 839
[1] 13
[1] "save region:"
[1] 840
[1] 1
[1] "save region:"
[1] 841
[1] 7
[1] "save region:"
[1] 842
[1] 18
[1] "save region:"
[1] 843
[1] 10
[1] "save region:"
[1] 844
[1] 15
[1] "save region:"
[1] 845
[1] 50
[1] "save region:"
[1] 846
[1] 7
[1] "save region:"
[1] 847
[1] 19
[1] "save region:"
[1] 848
[1] 6
[1] "save region:"
[1] 849
[1] 7
[1] "save region:"
[1] 850
[1] 24
[1] "save region:"
[1] 851
[1] 33
[1] "save region:"
[1] 852
[1] 11
[1] "save region:"
[1] 853
[1] 41
[1] "save region:"
[1] 854
[1] 38
[1] "save region:"
[1] 855
[1] 6
[1] "save region:"
[1] 856
[1] 10
[1] "save region:"
[1] 857
[1] 31
[1] "save region:"
[1] 858
[1] 8
[1] "save region:"
[1] 859
[1] 26
[1] "save region:"
[1] 860
[1] 12
[1] "save region:"
[1] 861
[1] 9
[1] "save region:"
[1] 862
[1] 10
[1] "save region:"
[1] 863
[1] 18
[1] "save region:"
[1] 864
[1] 32
[1] "save region:"
[1] 865
[1] 4556
[1] "save region:"
[1] 866
[1] 5
[1] "save region:"
[1] 867
[1] 34
[1] "save region:"
[1] 868
[1] 6
[1] "save region:"
[1] 869
[1] 15
[1] "save region:"
[1] 870
[1] 41
[1] "save region:"
[1] 871
[1] 14
[1] "save region:"
[1] 872
[1] 81
[1] "save region:"
[1] 873
[1] 14
[1] "save region:"
[1] 874
[1] 3
[1] "save region:"
[1] 875
[1] 7
[1] "save region:"
[1] 876
[1] 46
[1] "save region:"
[1] 877
[1] 47
[1] "save region:"
[1] 878
[1] 32
[1] "save region:"
[1] 879
[1] 23
[1] "save region:"
[1] 880
[1] 56
[1] "save region:"
[1] 881
[1] 17
[1] "save region:"
[1] 882
[1] 9
[1] "save region:"
[1] 883
[1] 43
[1] "save region:"
[1] 884
[1] 77
[1] "save region:"
[1] 885
[1] 6
[1] "save region:"
[1] 886
[1] 106
[1] "save region:"
[1] 887
[1] 10
[1] "save region:"
[1] 888
[1] 5
[1] "save region:"
[1] 889
[1] 226
[1] "save region:"
[1] 890
[1] 3113
[1] "save region:"
[1] 891
[1] 3
[1] "save region:"
[1] 892
[1] 5
[1] "save region:"
[1] 893
[1] 10
[1] "save region:"
[1] 894
[1] 20
[1] "save region:"
[1] 895
[1] 15
[1] "save region:"
[1] 896
[1] 5
[1] "save region:"
[1] 897
[1] 7
[1] "save region:"
[1] 898
[1] 2
[1] "save region:"
[1] 899
[1] 46
[1] "save region:"
[1] 900
[1] 7
[1] "save region:"
[1] 901
[1] 25
[1] "save region:"
[1] 902
[1] 5
[1] "save region:"
[1] 903
[1] 3
[1] "save region:"
[1] 904
[1] 96
[1] "save region:"
[1] 905
[1] 12
[1] "save region:"
[1] 906
[1] 3
[1] "save region:"
[1] 907
[1] 26
[1] "save region:"
[1] 908
[1] 21
[1] "save region:"
[1] 909
[1] 29
[1] "save region:"
[1] 910
[1] 5540
[1] "save region:"
[1] 911
[1] 2
[1] "save region:"
[1] 912
[1] 3
[1] "save region:"
[1] 913
[1] 49
[1] "save region:"
[1] 914
[1] 5
[1] "save region:"
[1] 915
[1] 76
[1] "save region:"
[1] 916
[1] 57
[1] "save region:"
[1] 917
[1] 25
[1] "save region:"
[1] 918
[1] 49
[1] "save region:"
[1] 919
[1] 31
[1] "save region:"
[1] 920
[1] 92
[1] "save region:"
[1] 921
[1] 54
[1] "save region:"
[1] 922
[1] 98
[1] "save region:"
[1] 923
[1] 82
[1] "save region:"
[1] 924
[1] 94
[1] "save region:"
[1] 925
[1] 3
[1] "save region:"
[1] 926
[1] 5
[1] "save region:"
[1] 927
[1] 11
[1] "save region:"
[1] 928
[1] 37
[1] "save region:"
[1] 929
[1] 8
[1] "save region:"
[1] 930
[1] 13
[1] "save region:"
[1] 931
[1] 12
[1] "save region:"
[1] 932
[1] 6
[1] "save region:"
[1] 933
[1] 30
[1] "save region:"
[1] 934
[1] 25
[1] "save region:"
[1] 935
[1] 38
[1] "save region:"
[1] 936
[1] 8
[1] "save region:"
[1] 937
[1] 10
[1] "save region:"
[1] 938
[1] 5
[1] "save region:"
[1] 939
[1] 119
[1] "save region:"
[1] 940
[1] 11
[1] "save region:"
[1] 941
[1] 24
[1] "save region:"
[1] 942
[1] 14
[1] "save region:"
[1] 943
[1] 70
[1] "save region:"
[1] 944
[1] 6
[1] "save region:"
[1] 945
[1] 643
[1] "save region:"
[1] 946
[1] 7
[1] "save region:"
[1] 947
[1] 19
[1] "save region:"
[1] 948
[1] 8
[1] "save region:"
[1] 949
[1] 90
[1] "save region:"
[1] 950
[1] 122
[1] "save region:"
[1] 951
[1] 12
[1] "save region:"
[1] 952
[1] 32
[1] "save region:"
[1] 953
[1] 73
[1] "save region:"
[1] 954
[1] 45
[1] "save region:"
[1] 955
[1] 21
[1] "save region:"
[1] 956
[1] 14
[1] "save region:"
[1] 957
[1] 4
[1] "save region:"
[1] 958
[1] 4
[1] "save region:"
[1] 959
[1] 116
[1] "save region:"
[1] 960
[1] 7
[1] "save region:"
[1] 961
[1] 62
[1] "save region:"
[1] 962
[1] 49
[1] "save region:"
[1] 963
[1] 9
[1] "save region:"
[1] 964
[1] 12
[1] "save region:"
[1] 965
[1] 5
[1] "save region:"
[1] 966
[1] 18
[1] "save region:"
[1] 967
[1] 8
[1] "save region:"
[1] 968
[1] 4
[1] "save region:"
[1] 969
[1] 54
[1] "save region:"
[1] 970
[1] 84
[1] "save region:"
[1] 971
[1] 21
[1] "save region:"
[1] 972
[1] 42
[1] "save region:"
[1] 973
[1] 3
[1] "save region:"
[1] 974
[1] 9
[1] "save region:"
[1] 975
[1] 42
[1] "save region:"
[1] 976
[1] 3
[1] "save region:"
[1] 977
[1] 83
[1] "save region:"
[1] 978
[1] 10
[1] "save region:"
[1] 979
[1] 32
[1] "save region:"
[1] 980
[1] 7
[1] "save region:"
[1] 981
[1] 10
[1] "save region:"
[1] 982
[1] 32
[1] "save region:"
[1] 983
[1] 12
[1] "save region:"
[1] 984
[1] 11
[1] "save region:"
[1] 985
[1] 66
[1] "save region:"
[1] 986
[1] 4
[1] "save region:"
[1] 987
[1] 25
[1] "save region:"
[1] 988
[1] 8
[1] "save region:"
[1] 989
[1] 12
[1] "save region:"
[1] 990
[1] 4
[1] "save region:"
[1] 991
[1] 2
[1] "save region:"
[1] 992
[1] 3
[1] "save region:"
[1] 993
[1] 9
[1] "save region:"
[1] 994
[1] 94
[1] "save region:"
[1] 995
[1] 8
[1] "save region:"
[1] 996
[1] 151
[1] "save region:"
[1] 997
[1] 2
[1] "save region:"
[1] 998
[1] 70
[1] "save region:"
[1] 999
[1] 6
[1] "save region:"
[1] 1000
[1] 98
[1] "save region:"
[1] 1001
[1] 5
[1] "save region:"
[1] 1002
[1] 12
[1] "save region:"
[1] 1003
[1] 10
[1] "save region:"
[1] 1004
[1] 3
[1] "save region:"
[1] 1005
[1] 9386
[1] "save region:"
[1] 1006
[1] 5
[1] "save region:"
[1] 1007
[1] 5
[1] "save region:"
[1] 1008
[1] 26
[1] "save region:"
[1] 1009
[1] 12
[1] "save region:"
[1] 1010
[1] 6
[1] "save region:"
[1] 1011
[1] 13
[1] "save region:"
[1] 1012
[1] 6
[1] "save region:"
[1] 1013
[1] 12
[1] "save region:"
[1] 1014
[1] 8
[1] "save region:"
[1] 1015
[1] 4
[1] "save region:"
[1] 1016
[1] 3
[1] "save region:"
[1] 1017
[1] 11
[1] "save region:"
[1] 1018
[1] 7
[1] "save region:"
[1] 1019
[1] 19
[1] "save region:"
[1] 1020
[1] 3024
[1] "save region:"
[1] 1021
[1] 6
[1] "save region:"
[1] 1022
[1] 4
[1] "save region:"
[1] 1023
[1] 3
[1] "save region:"
[1] 1024
[1] 9
[1] "save region:"
[1] 1025
[1] 5
[1] "save region:"
[1] 1026
[1] 4
[1] "save region:"
[1] 1027
[1] 57
[1] "save region:"
[1] 1028
[1] 9
[1] "save region:"
[1] 1029
[1] 3
[1] "save region:"
[1] 1030
[1] 1
[1] "save region:"
[1] 1031
[1] 7
[1] "save region:"
[1] 1032
[1] 13
[1] "save region:"
[1] 1033
[1] 8
[1] "save region:"
[1] 1034
[1] 18
[1] "save region:"
[1] 1035
[1] 27
[1] "save region:"
[1] 1036
[1] 6
[1] "save region:"
[1] 1037
[1] 6
[1] "save region:"
[1] 1038
[1] 34
[1] "save region:"
[1] 1039
[1] 1
[1] "save region:"
[1] 1040
[1] 28
[1] "save region:"
[1] 1041
[1] 72
[1] "save region:"
[1] 1042
[1] 34
[1] "save region:"
[1] 1043
[1] 64
[1] "save region:"
[1] 1044
[1] 16
[1] "save region:"
[1] 1045
[1] 24
[1] "save region:"
[1] 1046
[1] 4
[1] "save region:"
[1] 1047
[1] 9
[1] "save region:"
[1] 1048
[1] 11
[1] "save region:"
[1] 1049
[1] 20
[1] "save region:"
[1] 1050
[1] 21
[1] "save region:"
[1] 1051
[1] 5
[1] "save region:"
[1] 1052
[1] 17
[1] "save region:"
[1] 1053
[1] 8
[1] "save region:"
[1] 1054
[1] 7
[1] "save region:"
[1] 1055
[1] 8
[1] "save region:"
[1] 1056
[1] 5
[1] "save region:"
[1] 1057
[1] 4
[1] "save region:"
[1] 1058
[1] 46
[1] "save region:"
[1] 1059
[1] 18
[1] "save region:"
[1] 1060
[1] 93
[1] "save region:"
[1] 1061
[1] 25
[1] "save region:"
[1] 1062
[1] 3
[1] "save region:"
[1] 1063
[1] 3
[1] "save region:"
[1] 1064
[1] 5
[1] "save region:"
[1] 1065
[1] 6
[1] "save region:"
[1] 1066
[1] 4
[1] "save region:"
[1] 1067
[1] 4
[1] "save region:"
[1] 1068
[1] 2
[1] "save region:"
[1] 1069
[1] 4
[1] "save region:"
[1] 1070
[1] 3
[1] "save region:"
[1] 1071
[1] 2
[1] "save region:"
[1] 1072
[1] 12
[1] "save region:"
[1] 1073
[1] 10
[1] "save region:"
[1] 1074
[1] 6
[1] "save region:"
[1] 1075
[1] 1
[1] "save region:"
[1] 1076
[1] 11
[1] "save region:"
[1] 1077
[1] 3
[1] "save region:"
[1] 1078
[1] 69
[1] "save region:"
[1] 1079
[1] 83
[1] "save region:"
[1] 1080
[1] 2
[1] "save region:"
[1] 1081
[1] 3261
[1] "save region:"
[1] 1082
[1] 31
[1] "save region:"
[1] 1083
[1] 55
[1] "save region:"
[1] 1084
[1] 4
[1] "save region:"
[1] 1085
[1] 3
[1] "save region:"
[1] 1086
[1] 14
[1] "save region:"
[1] 1087
[1] 10
[1] "save region:"
[1] 1088
[1] 17
[1] "save region:"
[1] 1089
[1] 42
[1] "save region:"
[1] 1090
[1] 55
[1] "save region:"
[1] 1091
[1] 49
[1] "save region:"
[1] 1092
[1] 4
[1] "save region:"
[1] 1093
[1] 7
[1] "save region:"
[1] 1094
[1] 58
[1] "save region:"
[1] 1095
[1] 60
[1] "save region:"
[1] 1096
[1] 21
[1] "save region:"
[1] 1097
[1] 22
[1] "save region:"
[1] 1098
[1] 10
[1] "save region:"
[1] 1099
[1] 38
[1] "save region:"
[1] 1100
[1] 51
[1] "save region:"
[1] 1101
[1] 3
[1] "save region:"
[1] 1102
[1] 16
[1] "save region:"
[1] 1103
[1] 6
[1] "save region:"
[1] 1104
[1] 60
[1] "save region:"
[1] 1105
[1] 13
[1] "save region:"
[1] 1106
[1] 13
[1] "save region:"
[1] 1107
[1] 78
[1] "save region:"
[1] 1108
[1] 3
[1] "save region:"
[1] 1109
[1] 34
[1] "save region:"
[1] 1110
[1] 44
[1] "save region:"
[1] 1111
[1] 10
[1] "save region:"
[1] 1112
[1] 101
[1] "save region:"
[1] 1113
[1] 19
[1] "save region:"
[1] 1114
[1] 4
[1] "save region:"
[1] 1115
[1] 79
[1] "save region:"
[1] 1116
[1] 36
[1] "save region:"
[1] 1117
[1] 64
[1] "save region:"
[1] 1118
[1] 1
[1] "save region:"
[1] 1119
[1] 11
[1] "save region:"
[1] 1120
[1] 34
[1] "save region:"
[1] 1121
[1] 14
[1] "save region:"
[1] 1122
[1] 59
[1] "save region:"
[1] 1123
[1] 5
[1] "save region:"
[1] 1124
[1] 16
[1] "save region:"
[1] 1125
[1] 4
[1] "save region:"
[1] 1126
[1] 11
[1] "save region:"
[1] 1127
[1] 14
[1] "save region:"
[1] 1128
[1] 40
[1] "save region:"
[1] 1129
[1] 69
[1] "save region:"
[1] 1130
[1] 47
[1] "save region:"
[1] 1131
[1] 3
[1] "save region:"
[1] 1132
[1] 23
[1] "save region:"
[1] 1133
[1] 8
[1] "save region:"
[1] 1134
[1] 29
[1] "save region:"
[1] 1135
[1] 56
[1] "save region:"
[1] 1136
[1] 82
[1] "save region:"
[1] 1137
[1] 6
[1] "save region:"
[1] 1138
[1] 6
[1] "save region:"
[1] 1139
[1] 17
[1] "save region:"
[1] 1140
[1] 6
[1] "save region:"
[1] 1141
[1] 76
[1] "save region:"
[1] 1142
[1] 4
[1] "save region:"
[1] 1143
[1] 115
[1] "save region:"
[1] 1144
[1] 27
[1] "save region:"
[1] 1145
[1] 5
[1] "save region:"
[1] 1146
[1] 25
[1] "save region:"
[1] 1147
[1] 11
[1] "save region:"
[1] 1148
[1] 4
[1] "save region:"
[1] 1149
[1] 50
[1] "save region:"
[1] 1150
[1] 48
[1] "save region:"
[1] 1151
[1] 9
[1] "save region:"
[1] 1152
[1] 48
[1] "save region:"
[1] 1153
[1] 8
[1] "save region:"
[1] 1154
[1] 16
[1] "save region:"
[1] 1155
[1] 6
[1] "save region:"
[1] 1156
[1] 44
[1] "save region:"
[1] 1157
[1] 3
[1] "save region:"
[1] 1158
[1] 80
[1] "save region:"
[1] 1159
[1] 21
[1] "save region:"
[1] 1160
[1] 14
[1] "save region:"
[1] 1161
[1] 20
[1] "save region:"
[1] 1162
[1] 14
[1] "save region:"
[1] 1163
[1] 85
[1] "save region:"
[1] 1164
[1] 35
[1] "save region:"
[1] 1165
[1] 119
[1] "save region:"
[1] 1166
[1] 51
[1] "save region:"
[1] 1167
[1] 4
[1] "save region:"
[1] 1168
[1] 33
[1] "save region:"
[1] 1169
[1] 24
[1] "save region:"
[1] 1170
[1] 48
[1] "save region:"
[1] 1171
[1] 51
[1] "save region:"
[1] 1172
[1] 31
[1] "save region:"
[1] 1173
[1] 3
[1] "save region:"
[1] 1174
[1] 60
[1] "save region:"
[1] 1175
[1] 52
[1] "save region:"
[1] 1176
[1] 40
[1] "save region:"
[1] 1177
[1] 10
[1] "save region:"
[1] 1178
[1] 78
[1] "save region:"
[1] 1179
[1] 22
[1] "save region:"
[1] 1180
[1] 21
[1] "save region:"
[1] 1181
[1] 19
[1] "save region:"
[1] 1182
[1] 8
[1] "save region:"
[1] 1183
[1] 7
[1] "save region:"
[1] 1184
[1] 4
[1] "save region:"
[1] 1185
[1] 8
[1] "save region:"
[1] 1186
[1] 7
[1] "save region:"
[1] 1187
[1] 45
[1] "save region:"
[1] 1188
[1] 14
[1] "save region:"
[1] 1189
[1] 12
[1] "save region:"
[1] 1190
[1] 51
[1] "save region:"
[1] 1191
[1] 24
[1] "save region:"
[1] 1192
[1] 1159
[1] "save region:"
[1] 1193
[1] 16
[1] "save region:"
[1] 1194
[1] 71
[1] "save region:"
[1] 1195
[1] 33
[1] "save region:"
[1] 1196
[1] 23
[1] "save region:"
[1] 1197
[1] 13
[1] "save region:"
[1] 1198
[1] 7
[1] "save region:"
[1] 1199
[1] 1
[1] "save region:"
[1] 1200
[1] 18
[1] "save region:"
[1] 1201
[1] 4
[1] "save region:"
[1] 1202
[1] 9
[1] "save region:"
[1] 1203
[1] 14
[1] "save region:"
[1] 1204
[1] 6
[1] "save region:"
[1] 1205
[1] 28
[1] "save region:"
[1] 1206
[1] 15
[1] "save region:"
[1] 1207
[1] 3
[1] "save region:"
[1] 1208
[1] 23
[1] "save region:"
[1] 1209
[1] 1
[1] "save region:"
[1] 1210
[1] 9
[1] "save region:"
[1] 1211
[1] 8
[1] "save region:"
[1] 1212
[1] 17
[1] "save region:"
[1] 1213
[1] 11
[1] "save region:"
[1] 1214
[1] 6
[1] "save region:"
[1] 1215
[1] 10
[1] "save region:"
[1] 1216
[1] 6
[1] "save region:"
[1] 1217
[1] 19
[1] "save region:"
[1] 1218
[1] 40
[1] "save region:"
[1] 1219
[1] 3
[1] "save region:"
[1] 1220
[1] 44
[1] "save region:"
[1] 1221
[1] 6
[1] "save region:"
[1] 1222
[1] 6
[1] "save region:"
[1] 1223
[1] 180
[1] "save region:"
[1] 1224
[1] 26
[1] "save region:"
[1] 1225
[1] 2
[1] "save region:"
[1] 1226
[1] 63
[1] "save region:"
[1] 1227
[1] 17
[1] "save region:"
[1] 1228
[1] 22
[1] "save region:"
[1] 1229
[1] 39
[1] "save region:"
[1] 1230
[1] 8
[1] "save region:"
[1] 1231
[1] 14
[1] "save region:"
[1] 1232
[1] 33
[1] "save region:"
[1] 1233
[1] 15
[1] "save region:"
[1] 1234
[1] 43
[1] "save region:"
[1] 1235
[1] 40
[1] "save region:"
[1] 1236
[1] 62
[1] "save region:"
[1] 1237
[1] 14
[1] "save region:"
[1] 1238
[1] 60
[1] "save region:"
[1] 1239
[1] 8
[1] "save region:"
[1] 1240
[1] 8
[1] "save region:"
[1] 1241
[1] 8
[1] "save region:"
[1] 1242
[1] 131
[1] "save region:"
[1] 1243
[1] 22
[1] "save region:"
[1] 1244
[1] 8
[1] "save region:"
[1] 1245
[1] 71
[1] "save region:"
[1] 1246
[1] 16
[1] "save region:"
[1] 1247
[1] 18
[1] "save region:"
[1] 1248
[1] 30
[1] "save region:"
[1] 1249
[1] 78
[1] "save region:"
[1] 1250
[1] 20
[1] "save region:"
[1] 1251
[1] 21
[1] "save region:"
[1] 1252
[1] 11
[1] "save region:"
[1] 1253
[1] 39
[1] "save region:"
[1] 1254
[1] 34
[1] "save region:"
[1] 1255
[1] 9
[1] "save region:"
[1] 1256
[1] 21
[1] "save region:"
[1] 1257
[1] 2
[1] "save region:"
[1] 1258
[1] 21
[1] "save region:"
[1] 1259
[1] 17
[1] "save region:"
[1] 1260
[1] 22
[1] "save region:"
[1] 1261
[1] 4770
[1] "save region:"
[1] 1262
[1] 38
[1] "save region:"
[1] 1263
[1] 21
[1] "save region:"
[1] 1264
[1] 26
[1] "save region:"
[1] 1265
[1] 9
[1] "save region:"
[1] 1266
[1] 37
[1] "save region:"
[1] 1267
[1] 128
[1] "save region:"
[1] 1268
[1] 21
[1] "save region:"
[1] 1269
[1] 14
[1] "save region:"
[1] 1270
[1] 81
[1] "save region:"
[1] 1271
[1] 41
[1] "save region:"
[1] 1272
[1] 19
[1] "save region:"
[1] 1273
[1] 87
[1] "save region:"
[1] 1274
[1] 10
[1] "save region:"
[1] 1275
[1] 59
[1] "save region:"
[1] 1276
[1] 21
[1] "save region:"
[1] 1277
[1] 24
[1] "save region:"
[1] 1278
[1] 20
[1] "save region:"
[1] 1279
[1] 23
[1] "save region:"
[1] 1280
[1] 9
[1] "save region:"
[1] 1281
[1] 44
[1] "save region:"
[1] 1282
[1] 21
[1] "save region:"
[1] 1283
[1] 15
[1] "save region:"
[1] 1284
[1] 18
[1] "save region:"
[1] 1285
[1] 19
[1] "save region:"
[1] 1286
[1] 19
[1] "save region:"
[1] 1287
[1] 15
[1] "save region:"
[1] 1288
[1] 81
[1] "save region:"
[1] 1289
[1] 18
[1] "save region:"
[1] 1290
[1] 77
[1] "save region:"
[1] 1291
[1] 194
[1] "save region:"
[1] 1292
[1] 14
[1] "save region:"
[1] 1293
[1] 122
[1] "save region:"
[1] 1294
[1] 23
[1] "save region:"
[1] 1295
[1] 78
[1] "save region:"
[1] 1296
[1] 27
[1] "save region:"
[1] 1297
[1] 39
[1] "save region:"
[1] 1298
[1] 27
[1] "save region:"
[1] 1299
[1] 21
[1] "save region:"
[1] 1300
[1] 14
[1] "save region:"
[1] 1301
[1] 27
[1] "save region:"
[1] 1302
[1] 25
[1] "save region:"
[1] 1303
[1] 25
[1] "save region:"
[1] 1304
[1] 100
[1] "save region:"
[1] 1305
[1] 16
[1] "save region:"
[1] 1306
[1] 10
[1] "save region:"
[1] 1307
[1] 48
[1] "save region:"
[1] 1308
[1] 107
[1] "save region:"
[1] 1309
[1] 21
[1] "save region:"
[1] 1310
[1] 30
[1] "save region:"
[1] 1311
[1] 20
[1] "save region:"
[1] 1312
[1] 45
[1] "save region:"
[1] 1313
[1] 5
[1] "save region:"
[1] 1314
[1] 140
[1] "save region:"
[1] 1315
[1] 32
[1] "save region:"
[1] 1316
[1] 40
[1] "save region:"
[1] 1317
[1] 70
[1] "save region:"
[1] 1318
[1] 17
[1] "save region:"
[1] 1319
[1] 40
[1] "save region:"
[1] 1320
[1] 11
[1] "save region:"
[1] 1321
[1] 82
[1] "save region:"
[1] 1322
[1] 31
[1] "save region:"
[1] 1323
[1] 16
[1] "save region:"
[1] 1324
[1] 4
[1] "save region:"
[1] 1325
[1] 43
[1] "save region:"
[1] 1326
[1] 15
[1] "save region:"
[1] 1327
[1] 16
[1] "save region:"
[1] 1328
[1] 26
[1] "save region:"
[1] 1329
[1] 165
[1] "save region:"
[1] 1330
[1] 35
[1] "save region:"
[1] 1331
[1] 94
[1] "save region:"
[1] 1332
[1] 98
[1] "save region:"
[1] 1333
[1] 4
[1] "save region:"
[1] 1334
[1] 41
[1] "save region:"
[1] 1335
[1] 100
[1] "save region:"
[1] 1336
[1] 15
[1] "save region:"
[1] 1337
[1] 10
[1] "save region:"
[1] 1338
[1] 30
[1] "save region:"
[1] 1339
[1] 4
[1] "save region:"
[1] 1340
[1] 18
[1] "save region:"
[1] 1341
[1] 19
[1] "save region:"
[1] 1342
[1] 12
[1] "save region:"
[1] 1343
[1] 77
[1] "save region:"
[1] 1344
[1] 33
[1] "save region:"
[1] 1345
[1] 41
[1] "save region:"
[1] 1346
[1] 23
[1] "save region:"
[1] 1347
[1] 15
[1] "save region:"
[1] 1348
[1] 28
[1] "save region:"
[1] 1349
[1] 20
[1] "save region:"
[1] 1350
[1] 14
[1] "save region:"
[1] 1351
[1] 28
[1] "save region:"
[1] 1352
[1] 32
[1] "save region:"
[1] 1353
[1] 14
[1] "save region:"
[1] 1354
[1] 13
[1] "save region:"
[1] 1355
[1] 28
[1] "save region:"
[1] 1356
[1] 10
[1] "save region:"
[1] 1357
[1] 26
[1] "save region:"
[1] 1358
[1] 42
[1] "save region:"
[1] 1359
[1] 9
[1] "save region:"
[1] 1360
[1] 14
[1] "save region:"
[1] 1361
[1] 38
[1] "save region:"
[1] 1362
[1] 22
[1] "save region:"
[1] 1363
[1] 12
[1] "save region:"
[1] 1364
[1] 4
[1] "save region:"
[1] 1365
[1] 7
[1] "save region:"
[1] 1366
[1] 147
[1] "save region:"
[1] 1367
[1] 5
[1] "save region:"
[1] 1368
[1] 8
[1] "save region:"
[1] 1369
[1] 37
[1] "save region:"
[1] 1370
[1] 3
[1] "save region:"
[1] 1371
[1] 167
[1] "save region:"
[1] 1372
[1] 271
[1] "save region:"
[1] 1373
[1] 413
[1] "save region:"
[1] 1374
[1] 8
[1] "save region:"
[1] 1375
[1] 27
[1] "save region:"
[1] 1376
[1] 26
[1] "save region:"
[1] 1377
[1] 248
[1] "save region:"
[1] 1378
[1] 44
[1] "save region:"
[1] 1379
[1] 174
[1] "save region:"
[1] 1380
[1] 74
[1] "save region:"
[1] 1381
[1] 58
[1] "save region:"
[1] 1382
[1] 98
[1] "save region:"
[1] 1383
[1] 206
[1] "save region:"
[1] 1384
[1] 82
[1] "save region:"
[1] 1385
[1] 157
[1] "save region:"
[1] 1386
[1] 12
[1] "save region:"
[1] 1387
[1] 50
[1] "save region:"
[1] 1388
[1] 18
[1] "save region:"
[1] 1389
[1] 61
[1] "save region:"
[1] 1390
[1] 12
[1] "save region:"
[1] 1391
[1] 38
[1] "save region:"
[1] 1392
[1] 510
[1] "save region:"
[1] 1393
[1] 17
[1] "save region:"
[1] 1394
[1] 408
[1] "save region:"
[1] 1395
[1] 469
[1] "save region:"
[1] 1396
[1] 35
[1] "save region:"
[1] 1397
[1] 365
[1] "save region:"
[1] 1398
[1] 311
[1] "save region:"
[1] 1399
[1] 31
[1] "save region:"
[1] 1400
[1] 3
[1] "save region:"
[1] 1401
[1] 11
[1] "save region:"
[1] 1402
[1] 183
[1] "save region:"
[1] 1403
[1] 57
[1] "save region:"
[1] 1404
[1] 370
[1] "save region:"
[1] 1405
[1] 748
[1] "save region:"
[1] 1406
[1] 9
[1] "save region:"
[1] 1407
[1] 640
[1] "save region:"
[1] 1408
[1] 69
[1] "save region:"
[1] 1409
[1] 11
[1] "save region:"
[1] 1410
[1] 57
[1] "save region:"
[1] 1411
[1] 4
[1] "save region:"
[1] 1412
[1] 43
[1] "save region:"
[1] 1413
[1] 11
[1] "save region:"
[1] 1414
[1] 7
[1] "save region:"
[1] 1415
[1] 7
[1] "save region:"
[1] 1416
[1] 17
[1] "save region:"
[1] 1417
[1] 18
[1] "save region:"
[1] 1418
[1] 58
[1] "save region:"
[1] 1419
[1] 25
[1] "save region:"
[1] 1420
[1] 9
[1] "save region:"
[1] 1421
[1] 22
[1] "save region:"
[1] 1422
[1] 99
[1] "save region:"
[1] 1423
[1] 23
[1] "save region:"
[1] 1424
[1] 12
[1] "save region:"
[1] 1425
[1] 183
[1] "save region:"
[1] 1426
[1] 66
[1] "save region:"
[1] 1427
[1] 20
[1] "save region:"
[1] 1428
[1] 113
[1] "save region:"
[1] 1429
[1] 65
[1] "save region:"
[1] 1430
[1] 84
[1] "save region:"
[1] 1431
[1] 93
[1] "save region:"
[1] 1432
[1] 91
[1] "save region:"
[1] 1433
[1] 161
[1] "save region:"
[1] 1434
[1] 44
[1] "save region:"
[1] 1435
[1] 34
[1] "save region:"
[1] 1436
[1] 6
[1] "save region:"
[1] 1437
[1] 21
[1] "save region:"
[1] 1438
[1] 17
[1] "save region:"
[1] 1439
[1] 11
[1] "save region:"
[1] 1440
[1] 82
[1] "save region:"
[1] 1441
[1] 9
[1] "save region:"
[1] 1442
[1] 16
[1] "save region:"
[1] 1443
[1] 3871
[1] "save region:"
[1] 1444
[1] 3
[1] "save region:"
[1] 1445
[1] 29
[1] "save region:"
[1] 1446
[1] 3
[1] "save region:"
[1] 1447
[1] 5
[1] "save region:"
[1] 1448
[1] 2
[1] "save region:"
[1] 1449
[1] 14
[1] "save region:"
[1] 1450
[1] 14
[1] "save region:"
[1] 1451
[1] 10
[1] "save region:"
[1] 1452
[1] 5
[1] "save region:"
[1] 1453
[1] 5
[1] "save region:"
[1] 1454
[1] 7
[1] "save region:"
[1] 1455
[1] 49
[1] "save region:"
[1] 1456
[1] 25
[1] "save region:"
[1] 1457
[1] 8
[1] "save region:"
[1] 1458
[1] 5
[1] "save region:"
[1] 1459
[1] 4
[1] "save region:"
[1] 1460
[1] 6
[1] "save region:"
[1] 1461
[1] 15
[1] "save region:"
[1] 1462
[1] 1
[1] "save region:"
[1] 1463
[1] 7
[1] "save region:"
[1] 1464
[1] 6
[1] "save region:"
[1] 1465
[1] 10
[1] "save region:"
[1] 1466
[1] 12
[1] "save region:"
[1] 1467
[1] 9
[1] "save region:"
[1] 1468
[1] 6
[1] "save region:"
[1] 1469
[1] 17
[1] "save region:"
[1] 1470
[1] 151
[1] "save region:"
[1] 1471
[1] 6
[1] "save region:"
[1] 1472
[1] 75
[1] "save region:"
[1] 1473
[1] 25
[1] "save region:"
[1] 1474
[1] 1
[1] "save region:"
[1] 1475
[1] 34
[1] "save region:"
[1] 1476
[1] 14
[1] "save region:"
[1] 1477
[1] 52
[1] "save region:"
[1] 1478
[1] 8
[1] "save region:"
[1] 1479
[1] 5
[1] "save region:"
[1] 1480
[1] 51
[1] "save region:"
[1] 1481
[1] 249
[1] "save region:"
[1] 1482
[1] 6
[1] "save region:"
[1] 1483
[1] 4
[1] "save region:"
[1] 1484
[1] 27
[1] "save region:"
[1] 1485
[1] 273
[1] "save region:"
[1] 1486
[1] 14
[1] "save region:"
[1] 1487
[1] 3
[1] "save region:"
[1] 1488
[1] 32
[1] "save region:"
[1] 1489
[1] 17
[1] "save region:"
[1] 1490
[1] 8
[1] "save region:"
[1] 1491
[1] 41
[1] "save region:"
[1] 1492
[1] 28
[1] "save region:"
[1] 1493
[1] 11
[1] "save region:"
[1] 1494
[1] 18
[1] "save region:"
[1] 1495
[1] 70
[1] "save region:"
[1] 1496
[1] 22
[1] "save region:"
[1] 1497
[1] 6
[1] "save region:"
[1] 1498
[1] 7
[1] "save region:"
[1] 1499
[1] 21
[1] "save region:"
[1] 1500
[1] 6
[1] "save region:"
[1] 1501
[1] 12
[1] "save region:"
[1] 1502
[1] 12
[1] "save region:"
[1] 1503
[1] 10
[1] "save region:"
[1] 1504
[1] 37
[1] "save region:"
[1] 1505
[1] 6
[1] "save region:"
[1] 1506
[1] 17
[1] "save region:"
[1] 1507
[1] 4294
[1] "save region:"
[1] 1508
[1] 16
[1] "save region:"
[1] 1509
[1] 44
[1] "save region:"
[1] 1510
[1] 59
[1] "save region:"
[1] 1511
[1] 28
[1] "save region:"
[1] 1512
[1] 18
[1] "save region:"
[1] 1513
[1] 56
[1] "save region:"
[1] 1514
[1] 3
[1] "save region:"
[1] 1515
[1] 34
[1] "save region:"
[1] 1516
[1] 3
[1] "save region:"
[1] 1517
[1] 49
[1] "save region:"
[1] 1518
[1] 3
[1] "save region:"
[1] 1519
[1] 93
[1] "save region:"
[1] 1520
[1] 3
[1] "save region:"
[1] 1521
[1] 92
[1] "save region:"
[1] 1522
[1] 9
[1] "save region:"
[1] 1523
[1] 63
[1] "save region:"
[1] 1524
[1] 3
[1] "save region:"
[1] 1525
[1] 4
[1] "save region:"
[1] 1526
[1] 5
[1] "save region:"
[1] 1527
[1] 24
[1] "save region:"
[1] 1528
[1] 446
[1] "save region:"
[1] 1529
[1] 64
[1] "save region:"
[1] 1530
[1] 476
[1] "save region:"
[1] 1531
[1] 325
[1] "save region:"
[1] 1532
[1] 72
[1] "save region:"
[1] 1533
[1] 21
[1] "save region:"
[1] 1534
[1] 82
[1] "save region:"
[1] 1535
[1] 24
[1] "save region:"
[1] 1536
[1] 119
[1] "save region:"
[1] 1537
[1] 119
[1] "save region:"
[1] 1538
[1] 180
[1] "save region:"
[1] 1539
[1] 521
[1] "save region:"
[1] 1540
[1] 320
[1] "save region:"
[1] 1541
[1] 151
[1] "save region:"
[1] 1542
[1] 154
[1] "save region:"
[1] 1543
[1] 46
[1] "save region:"
[1] 1544
[1] 105
[1] "save region:"
[1] 1545
[1] 18
[1] "save region:"
[1] 1546
[1] 190
[1] "save region:"
[1] 1547
[1] 529
[1] "save region:"
[1] 1548
[1] 35
[1] "save region:"
[1] 1549
[1] 33
[1] "save region:"
[1] 1550
[1] 20
[1] "save region:"
[1] 1551
[1] 18
[1] "save region:"
[1] 1552
[1] 44
[1] "save region:"
[1] 1553
[1] 79
[1] "save region:"
[1] 1554
[1] 19
[1] "save region:"
[1] 1555
[1] 113
[1] "save region:"
[1] 1556
[1] 210
[1] "save region:"
[1] 1557
[1] 177
[1] "save region:"
[1] 1558
[1] 86
[1] "save region:"
[1] 1559
[1] 16
[1] "save region:"
[1] 1560
[1] 154
[1] "save region:"
[1] 1561
[1] 10
[1] "save region:"
[1] 1562
[1] 65
[1] "save region:"
[1] 1563
[1] 121
[1] "save region:"
[1] 1564
[1] 34
[1] "save region:"
[1] 1565
[1] 108
[1] "save region:"
[1] 1566
[1] 101
[1] "save region:"
[1] 1567
[1] 13
[1] "save region:"
[1] 1568
[1] 44
[1] "save region:"
[1] 1569
[1] 35
[1] "save region:"
[1] 1570
[1] 143
[1] "save region:"
[1] 1571
[1] 32
[1] "save region:"
[1] 1572
[1] 100
[1] "save region:"
[1] 1573
[1] 350
[1] "save region:"
[1] 1574
[1] 52
[1] "save region:"
[1] 1575
[1] 21
[1] "save region:"
[1] 1576
[1] 378
[1] "save region:"
[1] 1577
[1] 91
[1] "save region:"
[1] 1578
[1] 19
[1] "save region:"
[1] 1579
[1] 74
[1] "save region:"
[1] 1580
[1] 26
[1] "save region:"
[1] 1581
[1] 19
[1] "save region:"
[1] 1582
[1] 46
[1] "save region:"
[1] 1583
[1] 50
[1] "save region:"
[1] 1584
[1] 246
[1] "save region:"
[1] 1585
[1] 58
[1] "save region:"
[1] 1586
[1] 140
[1] "save region:"
[1] 1587
[1] 42
[1] "save region:"
[1] 1588
[1] 86
[1] "save region:"
[1] 1589
[1] 348
[1] "save region:"
[1] 1590
[1] 46
[1] "save region:"
[1] 1591
[1] 63
[1] "save region:"
[1] 1592
[1] 141
[1] "save region:"
[1] 1593
[1] 51
[1] "save region:"
[1] 1594
[1] 60
[1] "save region:"
[1] 1595
[1] 726
[1] "save region:"
[1] 1596
[1] 510
[1] "save region:"
[1] 1597
[1] 52
[1] "save region:"
[1] 1598
[1] 134
[1] "save region:"
[1] 1599
[1] 104
[1] "save region:"
[1] 1600
[1] 182
[1] "save region:"
[1] 1601
[1] 123
[1] "save region:"
[1] 1602
[1] 72
[1] "save region:"
[1] 1603
[1] 51
[1] "save region:"
[1] 1604
[1] 37
[1] "save region:"
[1] 1605
[1] 16
[1] "save region:"
[1] 1606
[1] 78
[1] "save region:"
[1] 1607
[1] 628
[1] "save region:"
[1] 1608
[1] 132
[1] "save region:"
[1] 1609
[1] 32
[1] "save region:"
[1] 1610
[1] 501
[1] "save region:"
[1] 1611
[1] 154
[1] "save region:"
[1] 1612
[1] 90
[1] "save region:"
[1] 1613
[1] 26
[1] "save region:"
[1] 1614
[1] 37
[1] "save region:"
[1] 1615
[1] 22
[1] "save region:"
[1] 1616
[1] 702
[1] "save region:"
[1] 1617
[1] 39
[1] "save region:"
[1] 1618
[1] 416
[1] "save region:"
[1] 1619
[1] 55
[1] "save region:"
[1] 1620
[1] 9
[1] "save region:"
[1] 1621
[1] 4
[1] "save region:"
[1] 1622
[1] 7
[1] "save region:"
[1] 1623
[1] 136
[1] "save region:"
[1] 1624
[1] 2
[1] "save region:"
[1] 1625
[1] 17
[1] "save region:"
[1] 1626
[1] 6
[1] "save region:"
[1] 1627
[1] 52
[1] "save region:"
[1] 1628
[1] 18
[1] "save region:"
[1] 1629
[1] 15
[1] "save region:"
[1] 1630
[1] 48
[1] "save region:"
[1] 1631
[1] 29
[1] "save region:"
[1] 1632
[1] 17
[1] "save region:"
[1] 1633
[1] 4268
[1] "save region:"
[1] 1634
[1] 5
[1] "save region:"
[1] 1635
[1] 25
[1] "save region:"
[1] 1636
[1] 4
[1] "save region:"
[1] 1637
[1] 38
[1] "save region:"
[1] 1638
[1] 4
[1] "save region:"
[1] 1639
[1] 16
[1] "save region:"
[1] 1640
[1] 8
[1] "save region:"
[1] 1641
[1] 9
[1] "save region:"
[1] 1642
[1] 5
[1] "save region:"
[1] 1643
[1] 21
[1] "save region:"
[1] 1644
[1] 52
[1] "save region:"
[1] 1645
[1] 36
[1] "save region:"
[1] 1646
[1] 38
[1] "save region:"
[1] 1647
[1] 15
[1] "save region:"
[1] 1648
[1] 25
[1] "save region:"
[1] 1649
[1] 38
[1] "save region:"
[1] 1650
[1] 5
[1] "save region:"
[1] 1651
[1] 7
[1] "save region:"
[1] 1652
[1] 14
[1] "save region:"
[1] 1653
[1] 33
[1] "save region:"
[1] 1654
[1] 3
[1] "save region:"
[1] 1655
[1] 44
[1] "save region:"
[1] 1656
[1] 4
[1] "save region:"
[1] 1657
[1] 8
[1] "save region:"
[1] 1658
[1] 56
[1] "save region:"
[1] 1659
[1] 12
[1] "save region:"
[1] 1660
[1] 31
[1] "save region:"
[1] 1661
[1] 31
[1] "save region:"
[1] 1662
[1] 12
[1] "save region:"
[1] 1663
[1] 1
[1] "save region:"
[1] 1664
[1] 6
[1] "save region:"
[1] 1665
[1] 9
[1] "save region:"
[1] 1666
[1] 3
[1] "save region:"
[1] 1667
[1] 4
[1] "save region:"
[1] 1668
[1] 30
[1] "save region:"
[1] 1669
[1] 4
[1] "save region:"
[1] 1670
[1] 1
[1] "save region:"
[1] 1671
[1] 28
[1] "save region:"
[1] 1672
[1] 10
[1] "save region:"
[1] 1673
[1] 52
[1] "save region:"
[1] 1674
[1] 8
[1] "save region:"
[1] 1675
[1] 31
[1] "save region:"
[1] 1676
[1] 21
[1] "save region:"
[1] 1677
[1] 6
[1] "save region:"
[1] 1678
[1] 13
[1] "save region:"
[1] 1679
[1] 17
[1] "save region:"
[1] 1680
[1] 7
[1] "save region:"
[1] 1681
[1] 18
[1] "save region:"
[1] 1682
[1] 10
[1] "save region:"
[1] 1683
[1] 23
[1] "save region:"
[1] 1684
[1] 18
[1] "save region:"
[1] 1685
[1] 7
[1] "save region:"
[1] 1686
[1] 10
[1] "save region:"
[1] 1687
[1] 6
[1] "save region:"
[1] 1688
[1] 6
[1] "save region:"
[1] 1689
[1] 28
[1] "save region:"
[1] 1690
[1] 15
[1] "save region:"
[1] 1691
[1] 12
[1] "save region:"
[1] 1692
[1] 7
[1] "save region:"
[1] 1693
[1] 56
[1] "save region:"
[1] 1694
[1] 185
[1] "save region:"
[1] 1695
[1] 19
[1] "save region:"
[1] 1696
[1] 47
[1] "save region:"
[1] 1697
[1] 7
[1] "save region:"
[1] 1698
[1] 128
[1] "save region:"
[1] 1699
[1] 14
[1] "save region:"
[1] 1700
[1] 44
[1] "save region:"
[1] 1701
[1] 18
[1] "save region:"
[1] 1702
[1] 149
[1] "save region:"
[1] 1703
[1] 295
[1] "save region:"
[1] 1704
[1] 38
[1] "save region:"
[1] 1705
[1] 144
[1] "save region:"
[1] 1706
[1] 50
[1] "save region:"
[1] 1707
[1] 18
[1] "save region:"
[1] 1708
[1] 35
[1] "save region:"
[1] 1709
[1] 16
[1] "save region:"
[1] 1710
[1] 88
[1] "save region:"
[1] 1711
[1] 15
[1] "save region:"
[1] 1712
[1] 40
[1] "save region:"
[1] 1713
[1] 209
[1] "save region:"
[1] 1714
[1] 113
[1] "save region:"
[1] 1715
[1] 42
[1] "save region:"
[1] 1716
[1] 31
[1] "save region:"
[1] 1717
[1] 207
[1] "save region:"
[1] 1718
[1] 7
[1] "save region:"
[1] 1719
[1] 106
[1] "save region:"
[1] 1720
[1] 14
[1] "save region:"
[1] 1721
[1] 42
[1] "save region:"
[1] 1722
[1] 16
[1] "save region:"
[1] 1723
[1] 267
[1] "save region:"
[1] 1724
[1] 168
[1] "save region:"
[1] 1725
[1] 1255
[1] "save region:"
[1] 1726
[1] 7
[1] "save region:"
[1] 1727
[1] 318
[1] "save region:"
[1] 1728
[1] 73
[1] "save region:"
[1] 1729
[1] 101
[1] "save region:"
[1] 1730
[1] 619
[1] "save region:"
[1] 1731
[1] 39
[1] "save region:"
[1] 1732
[1] 447
[1] "save region:"
[1] 1733
[1] 528
[1] "save region:"
[1] 1734
[1] 109
[1] "save region:"
[1] 1735
[1] 220
[1] "save region:"
[1] 1736
[1] 794
[1] "save region:"
[1] 1737
[1] 639
[1] "save region:"
[1] 1738
[1] 41
[1] "save region:"
[1] 1739
[1] 535
[1] "save region:"
[1] 1740
[1] 272
[1] "save region:"
[1] 1741
[1] 514
[1] "save region:"
[1] 1742
[1] 117
[1] "save region:"
[1] 1743
[1] 554
[1] "save region:"
[1] 1744
[1] 1897
[1] "save region:"
[1] 1745
[1] 312
[1] "save region:"
[1] 1746
[1] 109
[1] "save region:"
[1] 1747
[1] 275
[1] "save region:"
[1] 1748
[1] 137
[1] "save region:"
[1] 1749
[1] 1074
[1] "save region:"
[1] 1750
[1] 658
[1] "save region:"
[1] 1751
[1] 88
[1] "save region:"
[1] 1752
[1] 305
[1] "save region:"
[1] 1753
[1] 213
[1] "save region:"
[1] 1754
[1] 1406
[1] "save region:"
[1] 1755
[1] 508
[1] "save region:"
[1] 1756
[1] 121
[1] "save region:"
[1] 1757
[1] 72
[1] "save region:"
[1] 1758
[1] 1797
[1] "save region:"
[1] 1759
[1] 311
[1] "save region:"
[1] 1760
[1] 792
[1] "save region:"
[1] 1761
[1] 103
[1] "save region:"
[1] 1762
[1] 1008
[1] "save region:"
[1] 1763
[1] 498
[1] "save region:"
[1] 1764
[1] 55
[1] "save region:"
[1] 1765
[1] 568
[1] "save region:"
[1] 1766
[1] 404
[1] "save region:"
[1] 1767
[1] 227
[1] "save region:"
[1] 1768
[1] 612
[1] "save region:"
[1] 1769
[1] 51
[1] "save region:"
[1] 1770
[1] 273
[1] "save region:"
[1] 1771
[1] 451
[1] "save region:"
[1] 1772
[1] 1220
[1] "save region:"
[1] 1773
[1] 357
[1] "save region:"
[1] 1774
[1] 161
[1] "save region:"
[1] 1775
[1] 57
[1] "save region:"
[1] 1776
[1] 171
[1] "save region:"
[1] 1777
[1] 294
[1] "save region:"
[1] 1778
[1] 77
[1] "save region:"
[1] 1779
[1] 536
[1] "save region:"
[1] 1780
[1] 37
[1] "save region:"
[1] 1781
[1] 516
[1] "save region:"
[1] 1782
[1] 79
[1] "save region:"
[1] 1783
[1] 1205
[1] "save region:"
[1] 1784
[1] 187
[1] "save region:"
[1] 1785
[1] 109
[1] "save region:"
[1] 1786
[1] 459
[1] "save region:"
[1] 1787
[1] 86
[1] "save region:"
[1] 1788
[1] 665
[1] "save region:"
[1] 1789
[1] 1679
[1] "save region:"
[1] 1790
[1] 547
[1] "save region:"
[1] 1791
[1] 87
[1] "save region:"
[1] 1792
[1] 1037
[1] "save region:"
[1] 1793
[1] 656
[1] "save region:"
[1] 1794
[1] 102
[1] "save region:"
[1] 1795
[1] 214
[1] "save region:"
[1] 1796
[1] 244
[1] "save region:"
[1] 1797
[1] 28
[1] "save region:"
[1] 1798
[1] 63
[1] "save region:"
[1] 1799
[1] 601
[1] "save region:"
[1] 1800
[1] 87
[1] "save region:"
[1] 1801
[1] 533
[1] "save region:"
[1] 1802
[1] 778
[1] "save region:"
[1] 1803
[1] 59
[1] "save region:"
[1] 1804
[1] 108
[1] "save region:"
[1] 1805
[1] 538
[1] "save region:"
[1] 1806
[1] 9
[1] "save region:"
[1] 1807
[1] 428
[1] "save region:"
[1] 1808
[1] 574
[1] "save region:"
[1] 1809
[1] 251
[1] "save region:"
[1] 1810
[1] 386
[1] "save region:"
[1] 1811
[1] 893
[1] "save region:"
[1] 1812
[1] 965
[1] "save region:"
[1] 1813
[1] 1285
[1] "save region:"
[1] 1814
[1] 72
[1] "save region:"
[1] 1815
[1] 667
[1] "save region:"
[1] 1816
[1] 419
[1] "save region:"
[1] 1817
[1] 772
[1] "save region:"
[1] 1818
[1] 34
[1] "save region:"
[1] 1819
[1] 204
[1] "save region:"
[1] 1820
[1] 193
[1] "save region:"
[1] 1821
[1] 194
[1] "save region:"
[1] 1822
[1] 379
[1] "save region:"
[1] 1823
[1] 126
[1] "save region:"
[1] 1824
[1] 1201
[1] "save region:"
[1] 1825
[1] 318
[1] "save region:"
[1] 1826
[1] 130
[1] "save region:"
[1] 1827
[1] 289
[1] "save region:"
[1] 1828
[1] 444
[1] "save region:"
[1] 1829
[1] 1508
[1] "save region:"
[1] 1830
[1] 684
[1] "save region:"
[1] 1831
[1] 70
[1] "save region:"
[1] 1832
[1] 481
[1] "save region:"
[1] 1833
[1] 188
[1] "save region:"
[1] 1834
[1] 85
[1] "save region:"
[1] 1835
[1] 586
[1] "save region:"
[1] 1836
[1] 586
[1] "save region:"
[1] 1837
[1] 437
[1] "save region:"
[1] 1838
[1] 506
[1] "save region:"
[1] 1839
[1] 313
[1] "save region:"
[1] 1840
[1] 219
[1] "save region:"
[1] 1841
[1] 812
[1] "save region:"
[1] 1842
[1] 865
[1] "save region:"
[1] 1843
[1] 56
[1] "save region:"
[1] 1844
[1] 843
[1] "save region:"
[1] 1845
[1] 1070
[1] "save region:"
[1] 1846
[1] 621
[1] "save region:"
[1] 1847
[1] 299
[1] "save region:"
[1] 1848
[1] 49
[1] "save region:"
[1] 1849
[1] 298
[1] "save region:"
[1] 1850
[1] 28
[1] "save region:"
[1] 1851
[1] 62
[1] "save region:"
[1] 1852
[1] 680
[1] "save region:"
[1] 1853
[1] 609
[1] "save region:"
[1] 1854
[1] 837
[1] "save region:"
[1] 1855
[1] 57
[1] "save region:"
[1] 1856
[1] 121
[1] "save region:"
[1] 1857
[1] 580
[1] "save region:"
[1] 1858
[1] 1233
[1] "save region:"
[1] 1859
[1] 132
[1] "save region:"
[1] 1860
[1] 681
[1] "save region:"
[1] 1861
[1] 305
[1] "save region:"
[1] 1862
[1] 749
[1] "save region:"
[1] 1863
[1] 294
[1] "save region:"
[1] 1864
[1] 542
[1] "save region:"
[1] 1865
[1] 140
[1] "save region:"
[1] 1866
[1] 847
[1] "save region:"
[1] 1867
[1] 366
[1] "save region:"
[1] 1868
[1] 273
[1] "save region:"
[1] 1869
[1] 419
[1] "save region:"
[1] 1870
[1] 439
[1] "save region:"
[1] 1871
[1] 127
[1] "save region:"
[1] 1872
[1] 529
[1] "save region:"
[1] 1873
[1] 8
[1] "save region:"
[1] 1874
[1] 163
[1] "save region:"
[1] 1875
[1] 31
[1] "save region:"
[1] 1876
[1] 56
[1] "save region:"
[1] 1877
[1] 244
[1] "save region:"
[1] 1878
[1] 474
[1] "save region:"
[1] 1879
[1] 64
[1] "save region:"
[1] 1880
[1] 677
[1] "save region:"
[1] 1881
[1] 739
[1] "save region:"
[1] 1882
[1] 65
[1] "save region:"
[1] 1883
[1] 121
[1] "save region:"
[1] 1884
[1] 1484
[1] "save region:"
[1] 1885
[1] 964
[1] "save region:"
[1] 1886
[1] 586
[1] "save region:"
[1] 1887
[1] 547
[1] "save region:"
[1] 1888
[1] 81
[1] "save region:"
[1] 1889
[1] 569
[1] "save region:"
[1] 1890
[1] 340
[1] "save region:"
[1] 1891
[1] 113
[1] "save region:"
[1] 1892
[1] 229
[1] "save region:"
[1] 1893
[1] 47
[1] "save region:"
[1] 1894
[1] 1233
[1] "save region:"
[1] 1895
[1] 705
[1] "save region:"
[1] 1896
[1] 99
[1] "save region:"
[1] 1897
[1] 473
[1] "save region:"
[1] 1898
[1] 2685
[1] "save region:"
[1] 1899
[1] 443
[1] "save region:"
[1] 1900
[1] 16
[1] "save region:"
[1] 1901
[1] 614
[1] "save region:"
[1] 1902
[1] 510
[1] "save region:"
[1] 1903
[1] 75
[1] "save region:"
[1] 1904
[1] 400
[1] "save region:"
[1] 1905
[1] 262
[1] "save region:"
[1] 1906
[1] 313
[1] "save region:"
[1] 1907
[1] 313
[1] "save region:"
[1] 1908
[1] 1586
[1] "save region:"
[1] 1909
[1] 178
[1] "save region:"
[1] 1910
[1] 978
[1] "save region:"
[1] 1911
[1] 976
[1] "save region:"
[1] 1912
[1] 127
[1] "save region:"
[1] 1913
[1] 346
[1] "save region:"
[1] 1914
[1] 202
[1] "save region:"
[1] 1915
[1] 26
[1] "save region:"
[1] 1916
[1] 327
[1] "save region:"
[1] 1917
[1] 173
[1] "save region:"
[1] 1918
[1] 554
[1] "save region:"
[1] 1919
[1] 500
[1] "save region:"
[1] 1920
[1] 677
[1] "save region:"
[1] 1921
[1] 8
[1] "save region:"
[1] 1922
[1] 107
[1] "save region:"
[1] 1923
[1] 198
[1] "save region:"
[1] 1924
[1] 63
[1] "save region:"
[1] 1925
[1] 146
[1] "save region:"
[1] 1926
[1] 607
[1] "save region:"
[1] 1927
[1] 818
[1] "save region:"
[1] 1928
[1] 394
[1] "save region:"
[1] 1929
[1] 13
[1] "save region:"
[1] 1930
[1] 163
[1] "save region:"
[1] 1931
[1] 127
[1] "save region:"
[1] 1932
[1] 26
[1] "save region:"
[1] 1933
[1] 442
[1] "save region:"
[1] 1934
[1] 52
[1] "save region:"
[1] 1935
[1] 877
[1] "save region:"
[1] 1936
[1] 83
[1] "save region:"
[1] 1937
[1] 580
[1] "save region:"
[1] 1938
[1] 1131
[1] "save region:"
[1] 1939
[1] 76
[1] "save region:"
[1] 1940
[1] 242
[1] "save region:"
[1] 1941
[1] 32
[1] "save region:"
[1] 1942
[1] 382
[1] "save region:"
[1] 1943
[1] 270
[1] "save region:"
[1] 1944
[1] 251
[1] "save region:"
[1] 1945
[1] 886
[1] "save region:"
[1] 1946
[1] 184
[1] "save region:"
[1] 1947
[1] 603
[1] "save region:"
[1] 1948
[1] 490
[1] "save region:"
[1] 1949
[1] 1823
[1] "save region:"
[1] 1950
[1] 211
[1] "save region:"
[1] 1951
[1] 941
[1] "save region:"
[1] 1952
[1] 437
[1] "save region:"
[1] 1953
[1] 921
[1] "save region:"
[1] 1954
[1] 231
[1] "save region:"
[1] 1955
[1] 61
[1] "save region:"
[1] 1956
[1] 404
[1] "save region:"
[1] 1957
[1] 783
[1] "save region:"
[1] 1958
[1] 558
[1] "save region:"
[1] 1959
[1] 22
[1] "save region:"
[1] 1960
[1] 724
[1] "save region:"
[1] 1961
[1] 289
[1] "save region:"
[1] 1962
[1] 441
[1] "save region:"
[1] 1963
[1] 78
[1] "save region:"
[1] 1964
[1] 32
[1] "save region:"
[1] 1965
[1] 213
[1] "save region:"
[1] 1966
[1] 686
[1] "save region:"
[1] 1967
[1] 31
[1] "save region:"
[1] 1968
[1] 288
[1] "save region:"
[1] 1969
[1] 100
[1] "save region:"
[1] 1970
[1] 95
[1] "save region:"
[1] 1971
[1] 108
[1] "save region:"
[1] 1972
[1] 480
[1] "save region:"
[1] 1973
[1] 404
[1] "save region:"
[1] 1974
[1] 315
[1] "save region:"
[1] 1975
[1] 37
[1] "save region:"
[1] 1976
[1] 281
[1] "save region:"
[1] 1977
[1] 16
[1] "save region:"
[1] 1978
[1] 89
[1] "save region:"
[1] 1979
[1] 286
[1] "save region:"
[1] 1980
[1] 210
[1] "save region:"
[1] 1981
[1] 207
[1] "save region:"
[1] 1982
[1] 13
[1] "save region:"
[1] 1983
[1] 71
[1] "save region:"
[1] 1984
[1] 33
[1] "save region:"
[1] 1985
[1] 14
[1] "save region:"
[1] 1986
[1] 230
[1] "save region:"
[1] 1987
[1] 49
[1] "save region:"
[1] 1988
[1] 19
[1] "save region:"
[1] 1989
[1] 471
[1] "save region:"
[1] 1990
[1] 39
[1] "save region:"
[1] 1991
[1] 83
[1] "save region:"
[1] 1992
[1] 9
[1] "save region:"
[1] 1993
[1] 47
[1] "save region:"
[1] 1994
[1] 4
[1] "save region:"
[1] 1995
[1] 11
[1] "save region:"
[1] 1996
[1] 5
[1] "save region:"
[1] 1997
[1] 10
[1] "save region:"
[1] 1998
[1] 3
[1] "save region:"
[1] 1999
[1] 12
[1] "save region:"
[1] 2000
[1] 37
[1] "save region:"
[1] 2001
[1] 4
[1] "save region:"
[1] 2002
[1] 3
[1] "save region:"
[1] 2003
[1] 12
[1] "save region:"
[1] 2004
[1] 32
[1] "save region:"
[1] 2005
[1] 53
[1] "save region:"
[1] 2006
[1] 4
[1] "save region:"
[1] 2007
[1] 23
[1] "save region:"
[1] 2008
[1] 5
[1] "save region:"
[1] 2009
[1] 43
[1] "save region:"
[1] 2010
[1] 13
[1] "save region:"
[1] 2011
[1] 96
[1] "save region:"
[1] 2012
[1] 2393
[1] "save region:"
[1] 2013
[1] 8
[1] "save region:"
[1] 2014
[1] 46
[1] "save region:"
[1] 2015
[1] 84
[1] "save region:"
[1] 2016
[1] 3
[1] "save region:"
[1] 2017
[1] 10
[1] "save region:"
[1] 2018
[1] 4
[1] "save region:"
[1] 2019
[1] 2
[1] "save region:"
[1] 2020
[1] 22
[1] "save region:"
[1] 2021
[1] 21
[1] "save region:"
[1] 2022
[1] 6
[1] "save region:"
[1] 2023
[1] 30
[1] "save region:"
[1] 2024
[1] 17
[1] "save region:"
[1] 2025
[1] 9
[1] "save region:"
[1] 2026
[1] 7
[1] "save region:"
[1] 2027
[1] 5
[1] "save region:"
[1] 2028
[1] 11
[1] "save region:"
[1] 2029
[1] 22
[1] "save region:"
[1] 2030
[1] 2
[1] "save region:"
[1] 2031
[1] 16
[1] "save region:"
[1] 2032
[1] 12
[1] "save region:"
[1] 2033
[1] 5
[1] "save region:"
[1] 2034
[1] 110
[1] "save region:"
[1] 2035
[1] 140
[1] "save region:"
[1] 2036
[1] 34
[1] "save region:"
[1] 2037
[1] 137
[1] "save region:"
[1] 2038
[1] 64
[1] "save region:"
[1] 2039
[1] 224
[1] "save region:"
[1] 2040
[1] 206
[1] "save region:"
[1] 2041
[1] 63
[1] "save region:"
[1] 2042
[1] 85
[1] "save region:"
[1] 2043
[1] 29
[1] "save region:"
[1] 2044
[1] 43
[1] "save region:"
[1] 2045
[1] 105
[1] "save region:"
[1] 2046
[1] 109
[1] "save region:"
[1] 2047
[1] 70
[1] "save region:"
[1] 2048
[1] 189
[1] "save region:"
[1] 2049
[1] 55
[1] "save region:"
[1] 2050
[1] 76
[1] "save region:"
[1] 2051
[1] 80
[1] "save region:"
[1] 2052
[1] 127
[1] "save region:"
[1] 2053
[1] 109
[1] "save region:"
[1] 2054
[1] 49
[1] "save region:"
[1] 2055
[1] 23
[1] "save region:"
[1] 2056
[1] 110
[1] "save region:"
[1] 2057
[1] 58
[1] "save region:"
[1] 2058
[1] 110
[1] "save region:"
[1] 2059
[1] 180
[1] "save region:"
[1] 2060
[1] 241
[1] "save region:"
[1] 2061
[1] 83
[1] "save region:"
[1] 2062
[1] 107
[1] "save region:"
[1] 2063
[1] 317
[1] "save region:"
[1] 2064
[1] 153
[1] "save region:"
[1] 2065
[1] 141
[1] "save region:"
[1] 2066
[1] 92
[1] "save region:"
[1] 2067
[1] 31
[1] "save region:"
[1] 2068
[1] 80
[1] "save region:"
[1] 2069
[1] 137
[1] "save region:"
[1] 2070
[1] 61
[1] "save region:"
[1] 2071
[1] 20
[1] "save region:"
[1] 2072
[1] 125
[1] "save region:"
[1] 2073
[1] 16
[1] "save region:"
[1] 2074
[1] 229
[1] "save region:"
[1] 2075
[1] 116
[1] "save region:"
[1] 2076
[1] 946
[1] "save region:"
[1] 2077
[1] 28
[1] "save region:"
[1] 2078
[1] 57
[1] "save region:"
[1] 2079
[1] 90
[1] "save region:"
[1] 2080
[1] 87
[1] "save region:"
[1] 2081
[1] 23
[1] "save region:"
[1] 2082
[1] 136
[1] "save region:"
[1] 2083
[1] 28
[1] "save region:"
[1] 2084
[1] 26
[1] "save region:"
[1] 2085
[1] 132
[1] "save region:"
[1] 2086
[1] 53
[1] "save region:"
[1] 2087
[1] 32
[1] "save region:"
[1] 2088
[1] 43
[1] "save region:"
[1] 2089
[1] 174
[1] "save region:"
[1] 2090
[1] 29
[1] "save region:"
[1] 2091
[1] 128
[1] "save region:"
[1] 2092
[1] 271
[1] "save region:"
[1] 2093
[1] 371
[1] "save region:"
[1] 2094
[1] 281
[1] "save region:"
[1] 2095
[1] 469
[1] "save region:"
[1] 2096
[1] 804
[1] "save region:"
[1] 2097
[1] 133
[1] "save region:"
[1] 2098
[1] 346
[1] "save region:"
[1] 2099
[1] 27
[1] "save region:"
[1] 2100
[1] 307
[1] "save region:"
[1] 2101
[1] 4
[1] "save region:"
[1] 2102
[1] 13
[1] "save region:"
[1] 2103
[1] 6
[1] "save region:"
[1] 2104
[1] 26
[1] "save region:"
[1] 2105
[1] 8
[1] "save region:"
[1] 2106
[1] 5
[1] "save region:"
[1] 2107
[1] 49
[1] "save region:"
[1] 2108
[1] 4
[1] "save region:"
[1] 2109
[1] 282
[1] "save region:"
[1] 2110
[1] 42
[1] "save region:"
[1] 2111
[1] 28
[1] "save region:"
[1] 2112
[1] 3
[1] "save region:"
[1] 2113
[1] 13
[1] "save region:"
[1] 2114
[1] 99
[1] "save region:"
[1] 2115
[1] 100
[1] "save region:"
[1] 2116
[1] 6
[1] "save region:"
[1] 2117
[1] 2
[1] "save region:"
[1] 2118
[1] 10
[1] "save region:"
[1] 2119
[1] 8
[1] "save region:"
[1] 2120
[1] 46
[1] "save region:"
[1] 2121
[1] 4
[1] "save region:"
[1] 2122
[1] 9
[1] "save region:"
[1] 2123
[1] 7
[1] "save region:"
[1] 2124
[1] 3
[1] "save region:"
[1] 2125
[1] 6
[1] "save region:"
[1] 2126
[1] 2
[1] "save region:"
[1] 2127
[1] 17
[1] "save region:"
[1] 2128
[1] 7
[1] "save region:"
[1] 2129
[1] 18
[1] "save region:"
[1] 2130
[1] 18
[1] "save region:"
[1] 2131
[1] 6
[1] "save region:"
[1] 2132
[1] 3721
[1] "save region:"
[1] 2133
[1] 6
[1] "save region:"
[1] 2134
[1] 15
[1] "save region:"
[1] 2135
[1] 8
[1] "save region:"
[1] 2136
[1] 9
[1] "save region:"
[1] 2137
[1] 8
[1] "save region:"
[1] 2138
[1] 12
[1] "save region:"
[1] 2139
[1] 3
[1] "save region:"
[1] 2140
[1] 26
[1] "save region:"
[1] 2141
[1] 41
[1] "save region:"
[1] 2142
[1] 25
[1] "save region:"
[1] 2143
[1] 30
[1] "save region:"
[1] 2144
[1] 57
[1] "save region:"
[1] 2145
[1] 18
[1] "save region:"
[1] 2146
[1] 5
[1] "save region:"
[1] 2147
[1] 15
[1] "save region:"
[1] 2148
[1] 55
[1] "save region:"
[1] 2149
[1] 10
[1] "save region:"
[1] 2150
[1] 16
[1] "save region:"
[1] 2151
[1] 5
[1] "save region:"
[1] 2152
[1] 53
[1] "save region:"
[1] 2153
[1] 32
[1] "save region:"
[1] 2154
[1] 45
[1] "save region:"
[1] 2155
[1] 5
[1] "save region:"
[1] 2156
[1] 25
[1] "save region:"
[1] 2157
[1] 33
[1] "save region:"
[1] 2158
[1] 13
[1] "save region:"
[1] 2159
[1] 7
[1] "save region:"
[1] 2160
[1] 3
[1] "save region:"
[1] 2161
[1] 18
[1] "save region:"
[1] 2162
[1] 9
[1] "save region:"
[1] 2163
[1] 10
[1] "save region:"
[1] 2164
[1] 29
[1] "save region:"
[1] 2165
[1] 5
[1] "save region:"
[1] 2166
[1] 7
[1] "save region:"
[1] 2167
[1] 18
[1] "save region:"
[1] 2168
[1] 20
[1] "save region:"
[1] 2169
[1] 2
[1] "save region:"
[1] 2170
[1] 4
[1] "save region:"
[1] 2171
[1] 3
[1] "save region:"
[1] 2172
[1] 243
[1] "save region:"
[1] 2173
[1] 6
[1] "save region:"
[1] 2174
[1] 8
[1] "save region:"
[1] 2175
[1] 7
[1] "save region:"
[1] 2176
[1] 19
[1] "save region:"
[1] 2177
[1] 7
[1] "save region:"
[1] 2178
[1] 11
[1] "save region:"
[1] 2179
[1] 9
[1] "save region:"
[1] 2180
[1] 58
[1] "save region:"
[1] 2181
[1] 10
[1] "save region:"
[1] 2182
[1] 23
[1] "save region:"
[1] 2183
[1] 2700
[1] "save region:"
[1] 2184
[1] 233
[1] "save region:"
[1] 2185
[1] 36
[1] "save region:"
[1] 2186
[1] 8
[1] "save region:"
[1] 2187
[1] 3
[1] "save region:"
[1] 2188
[1] 4
[1] "save region:"
[1] 2189
[1] 6
[1] "save region:"
[1] 2190
[1] 47
[1] "save region:"
[1] 2191
[1] 306
[1] "save region:"
[1] 2192
[1] 15
[1] "save region:"
[1] 2193
[1] 10
[1] "save region:"
[1] 2194
[1] 18
[1] "save region:"
[1] 2195
[1] 17
[1] "save region:"
[1] 2196
[1] 8
[1] "save region:"
[1] 2197
[1] 383
[1] "save region:"
[1] 2198
[1] 35
[1] "save region:"
[1] 2199
[1] 9
[1] "save region:"
[1] 2200
[1] 16
[1] "save region:"
[1] 2201
[1] 20
[1] "save region:"
[1] 2202
[1] 8
[1] "save region:"
[1] 2203
[1] 24
[1] "save region:"
[1] 2204
[1] 19
[1] "save region:"
[1] 2205
[1] 1
[1] "save region:"
[1] 2206
[1] 230
[1] "save region:"
[1] 2207
[1] 10
[1] "save region:"
[1] 2208
[1] 23
[1] "save region:"
[1] 2209
[1] 18
[1] "save region:"
[1] 2210
[1] 8
[1] "save region:"
[1] 2211
[1] 48
[1] "save region:"
[1] 2212
[1] 14
[1] "save region:"
[1] 2213
[1] 33
[1] "save region:"
[1] 2214
[1] 8
[1] "save region:"
[1] 2215
[1] 12
[1] "save region:"
[1] 2216
[1] 16
[1] "save region:"
[1] 2217
[1] 46
[1] "save region:"
[1] 2218
[1] 18
[1] "save region:"
[1] 2219
[1] 142
[1] "save region:"
[1] 2220
[1] 4
[1] "save region:"
[1] 2221
[1] 8
[1] "save region:"
[1] 2222
[1] 2
[1] "save region:"
[1] 2223
[1] 194
[1] "save region:"
[1] 2224
[1] 3
[1] "save region:"
[1] 2225
[1] 7
[1] "save region:"
[1] 2226
[1] 6
[1] "save region:"
[1] 2227
[1] 8
[1] "save region:"
[1] 2228
[1] 12
[1] "save region:"
[1] 2229
[1] 8
[1] "save region:"
[1] 2230
[1] 27
[1] "save region:"
[1] 2231
[1] 25
[1] "save region:"
[1] 2232
[1] 15
[1] "save region:"
[1] 2233
[1] 71
[1] "save region:"
[1] 2234
[1] 32
[1] "save region:"
[1] 2235
[1] 30
[1] "save region:"
[1] 2236
[1] 3
[1] "save region:"
[1] 2237
[1] 39
[1] "save region:"
[1] 2238
[1] 15
[1] "save region:"
[1] 2239
[1] 269
[1] "save region:"
[1] 2240
[1] 119
[1] "save region:"
[1] 2241
[1] 18
[1] "save region:"
[1] 2242
[1] 305
[1] "save region:"
[1] 2243
[1] 35
[1] "save region:"
[1] 2244
[1] 51
[1] "save region:"
[1] 2245
[1] 104
[1] "save region:"
[1] 2246
[1] 228
[1] "save region:"
[1] 2247
[1] 153
[1] "save region:"
[1] 2248
[1] 183
[1] "save region:"
[1] 2249
[1] 24
[1] "save region:"
[1] 2250
[1] 45
[1] "save region:"
[1] 2251
[1] 68
[1] "save region:"
[1] 2252
[1] 30
[1] "save region:"
[1] 2253
[1] 73
[1] "save region:"
[1] 2254
[1] 46
[1] "save region:"
[1] 2255
[1] 40
[1] "save region:"
[1] 2256
[1] 64
[1] "save region:"
[1] 2257
[1] 24
[1] "save region:"
[1] 2258
[1] 85
[1] "save region:"
[1] 2259
[1] 26
[1] "save region:"
[1] 2260
[1] 70
[1] "save region:"
[1] 2261
[1] 199
[1] "save region:"
[1] 2262
[1] 47
[1] "save region:"
[1] 2263
[1] 337
[1] "save region:"
[1] 2264
[1] 159
[1] "save region:"
[1] 2265
[1] 93
[1] "save region:"
[1] 2266
[1] 482
[1] "save region:"
[1] 2267
[1] 26
[1] "save region:"
[1] 2268
[1] 38
[1] "save region:"
[1] 2269
[1] 300
[1] "save region:"
[1] 2270
[1] 23
[1] "save region:"
[1] 2271
[1] 51
[1] "save region:"
[1] 2272
[1] 43
[1] "save region:"
[1] 2273
[1] 17
[1] "save region:"
[1] 2274
[1] 53
[1] "save region:"
[1] 2275
[1] 23
[1] "save region:"
[1] 2276
[1] 83
[1] "save region:"
[1] 2277
[1] 122
[1] "save region:"
[1] 2278
[1] 284
[1] "save region:"
[1] 2279
[1] 48
[1] "save region:"
[1] 2280
[1] 417
[1] "save region:"
[1] 2281
[1] 77
[1] "save region:"
[1] 2282
[1] 42
[1] "save region:"
[1] 2283
[1] 427
[1] "save region:"
[1] 2284
[1] 188
[1] "save region:"
[1] 2285
[1] 60
[1] "save region:"
[1] 2286
[1] 169
[1] "save region:"
[1] 2287
[1] 79
[1] "save region:"
[1] 2288
[1] 201
[1] "save region:"
[1] 2289
[1] 534
[1] "save region:"
[1] 2290
[1] 78
[1] "save region:"
[1] 2291
[1] 34
[1] "save region:"
[1] 2292
[1] 32
[1] "save region:"
[1] 2293
[1] 67
[1] "save region:"
[1] 2294
[1] 34
[1] "save region:"
[1] 2295
[1] 24
[1] "save region:"
[1] 2296
[1] 125
[1] "save region:"
[1] 2297
[1] 25
[1] "save region:"
[1] 2298
[1] 28
[1] "save region:"
[1] 2299
[1] 23
[1] "save region:"
[1] 2300
[1] 24
[1] "save region:"
[1] 2301
[1] 223
[1] "save region:"
[1] 2302
[1] 26
[1] "save region:"
[1] 2303
[1] 166
[1] "save region:"
[1] 2304
[1] 3
[1] "save region:"
[1] 2305
[1] 74
[1] "save region:"
[1] 2306
[1] 36
[1] "save region:"
[1] 2307
[1] 13
[1] "save region:"
[1] 2308
[1] 18
[1] "save region:"
[1] 2309
[1] 30
[1] "save region:"
[1] 2310
[1] 16
[1] "save region:"
[1] 2311
[1] 16
[1] "save region:"
[1] 2312
[1] 54
[1] "save region:"
[1] 2313
[1] 101
[1] "save region:"
[1] 2314
[1] 45
[1] "save region:"
[1] 2315
[1] 45
[1] "save region:"
[1] 2316
[1] 33
[1] "save region:"
[1] 2317
[1] 137
[1] "save region:"
[1] 2318
[1] 5
[1] "save region:"
[1] 2319
[1] 39
[1] "save region:"
[1] 2320
[1] 2
[1] "save region:"
[1] 2321
[1] 44
[1] "save region:"
[1] 2322
[1] 68
[1] "save region:"
[1] 2323
[1] 18
[1] "save region:"
[1] 2324
[1] 288
[1] "save region:"
[1] 2325
[1] 231
[1] "save region:"
[1] 2326
[1] 28
[1] "save region:"
[1] 2327
[1] 3024
[1] "save region:"
[1] 2328
[1] 46
[1] "save region:"
[1] 2329
[1] 48
[1] "save region:"
[1] 2330
[1] 13
[1] "save region:"
[1] 2331
[1] 10
[1] "save region:"
[1] 2332
[1] 4
[1] "save region:"
[1] 2333
[1] 72
[1] "save region:"
[1] 2334
[1] 3
[1] "save region:"
[1] 2335
[1] 46
[1] "save region:"
[1] 2336
[1] 48
[1] "save region:"
[1] 2337
[1] 11
[1] "save region:"
[1] 2338
[1] 33
[1] "save region:"
[1] 2339
[1] 13
[1] "save region:"
[1] 2340
[1] 22
[1] "save region:"
[1] 2341
[1] 49
[1] "save region:"
[1] 2342
[1] 22
[1] "save region:"
[1] 2343
[1] 48
[1] "save region:"
[1] 2344
[1] 13
[1] "save region:"
[1] 2345
[1] 12
[1] "save region:"
[1] 2346
[1] 15
[1] "save region:"
[1] 2347
[1] 7
[1] "save region:"
[1] 2348
[1] 31
[1] "save region:"
[1] 2349
[1] 3
[1] "save region:"
[1] 2350
[1] 4
[1] "save region:"
[1] 2351
[1] 15
[1] "save region:"
[1] 2352
[1] 40
[1] "save region:"
[1] 2353
[1] 25
[1] "save region:"
[1] 2354
[1] 21
[1] "save region:"
[1] 2355
[1] 3
[1] "save region:"
[1] 2356
[1] 8
[1] "save region:"
[1] 2357
[1] 11
[1] "save region:"
[1] 2358
[1] 20
[1] "save region:"
[1] 2359
[1] 7
[1] "save region:"
[1] 2360
[1] 12
[1] "save region:"
[1] 2361
[1] 18
[1] "save region:"
[1] 2362
[1] 51
[1] "save region:"
[1] 2363
[1] 10
[1] "save region:"
[1] 2364
[1] 8
[1] "save region:"
[1] 2365
[1] 7
[1] "save region:"
[1] 2366
[1] 4
[1] "save region:"
[1] 2367
[1] 15
[1] "save region:"
[1] 2368
[1] 6
[1] "save region:"
[1] 2369
[1] 26
[1] "save region:"
[1] 2370
[1] 10
[1] "save region:"
[1] 2371
[1] 9
[1] "save region:"
[1] 2372
[1] 2889
[1] "save region:"
[1] 2373
[1] 6
[1] "save region:"
[1] 2374
[1] 16
[1] "save region:"
[1] 2375
[1] 1396
[1] "save region:"
[1] 2376
[1] 41
[1] "save region:"
[1] 2377
[1] 1
[1] "save region:"
[1] 2378
[1] 24
[1] "save region:"
[1] 2379
[1] 24
[1] "save region:"
[1] 2380
[1] 38
[1] "save region:"
[1] 2381
[1] 25
[1] "save region:"
[1] 2382
[1] 25
[1] "save region:"
[1] 2383
[1] 34
[1] "save region:"
[1] 2384
[1] 2
[1] "save region:"
[1] 2385
[1] 47
[1] "save region:"
[1] 2386
[1] 115
[1] "save region:"
[1] 2387
[1] 231
[1] "save region:"
[1] 2388
[1] 88
[1] "save region:"
[1] 2389
[1] 115
[1] "save region:"
[1] 2390
[1] 21
[1] "save region:"
[1] 2391
[1] 3
[1] "save region:"
[1] 2392
[1] 34
[1] "save region:"
[1] 2393
[1] 21
[1] "save region:"
[1] 2394
[1] 89
[1] "save region:"
[1] 2395
[1] 535
[1] "save region:"
[1] 2396
[1] 49
[1] "save region:"
[1] 2397
[1] 460
[1] "save region:"
[1] 2398
[1] 199
[1] "save region:"
[1] 2399
[1] 73
[1] "save region:"
[1] 2400
[1] 153
[1] "save region:"
[1] 2401
[1] 29
[1] "save region:"
[1] 2402
[1] 245
[1] "save region:"
[1] 2403
[1] 131
[1] "save region:"
[1] 2404
[1] 20
[1] "save region:"
[1] 2405
[1] 11
[1] "save region:"
[1] 2406
[1] 81
[1] "save region:"
[1] 2407
[1] 12
[1] "save region:"
[1] 2408
[1] 24
[1] "save region:"
[1] 2409
[1] 7
[1] "save region:"
[1] 2410
[1] 2
[1] "save region:"
[1] 2411
[1] 20
[1] "save region:"
[1] 2412
[1] 7
[1] "save region:"
[1] 2413
[1] 8
[1] "save region:"
[1] 2414
[1] 6
[1] "save region:"
[1] 2415
[1] 2
[1] "save region:"
[1] 2416
[1] 6
[1] "save region:"
[1] 2417
[1] 5
[1] "save region:"
[1] 2418
[1] 15
[1] "save region:"
[1] 2419
[1] 15
[1] "save region:"
[1] 2420
[1] 7
[1] "save region:"
[1] 2421
[1] 5
[1] "save region:"
[1] 2422
[1] 1
[1] "save region:"
[1] 2423
[1] 59
[1] "save region:"
[1] 2424
[1] 6
[1] "save region:"
[1] 2425
[1] 5
[1] "save region:"
[1] 2426
[1] 19
[1] "save region:"
[1] 2427
[1] 5
[1] "save region:"
[1] 2428
[1] 4
[1] "save region:"
[1] 2429
[1] 45
[1] "save region:"
[1] 2430
[1] 2
[1] "save region:"
[1] 2431
[1] 37
[1] "save region:"
[1] 2432
[1] 48
[1] "save region:"
[1] 2433
[1] 80
[1] "save region:"
[1] 2434
[1] 9
[1] "save region:"
[1] 2435
[1] 3
[1] "save region:"
[1] 2436
[1] 118
[1] "save region:"
[1] 2437
[1] 5
[1] "save region:"
[1] 2438
[1] 6
[1] "save region:"
[1] 2439
[1] 52
[1] "save region:"
[1] 2440
[1] 7
[1] "save region:"
[1] 2441
[1] 8
[1] "save region:"
[1] 2442
[1] 3
[1] "save region:"
[1] 2443
[1] 25
[1] "save region:"
[1] 2444
[1] 48
[1] "save region:"
[1] 2445
[1] 9
[1] "Export gff function"
[1] "read repeats"
[1] "wrtiting repeats"
[1] "finished saving"
[1] "edit distance"
[1] "Available classes: "
[1] "no classes assigned to the repeats to calculate edit distance, stopping edit distance calculation"
            used   (Mb) gc trigger   (Mb)   max used   (Mb)
Ncells   3010285  160.8   12550800  670.3   30641597 1636.5
Vcells 566618278 4323.0 1146338698 8745.9 1124412288 8578.6
[1] "Available classes: NA"
[1] "Available classes: NA"
[1] "Available classes: NA"
[1] "Available classes: NA"
[1] "Available classes: NA"
[1] "Available classes: NA"
[1] "Available classes: NA"
[1] "Available classes: NA"
[1] "Available classes: NA"
[1] "Available classes: NA"
            used   (Mb) gc trigger   (Mb)   max used   (Mb)
Ncells   3017499  161.2   10040640  536.3   30641597 1636.5
Vcells 566637228 4323.1 1146338698 8745.9 1124412288 8578.6
[1] "plotting"
[1] "circos"
[1] "identify chromosomes"
[1] "Identify main peaks"
[1] "Merge peaks"
[1] "export data"
[1] "Circos Plotting"
[1] "set sectors"
[1] "generate circos plot"
[1] "1"
[1] "2"
[1] "3"
[1] "4"
[1] "5"
[1] "genomic track"
[1] "leftover repeats"
[1] "GCA_022117705.1_Zm-Mo17-REFERENCE-CAU-T2T-assembly_genomic.fna plots done"
[1] "finished plotting"
[1] "TRASH finished, exiting"
            used   (Mb) gc trigger    (Mb)   max used    (Mb)
Ncells   3068178  163.9   32370778  1728.8   40404107  2157.9
Vcells 566753988 4324.0 1375686437 10495.7 1375684146 10495.7
	Command being timed: "singularity exec ./bwtbench.sif /opt/TRASH/TRASH_run.sh /data/gpfs/assoc/pgl/filip/bwtandem/Zm/GCA_022117705.1_Zm-Mo17-REFERENCE-CAU-T2T-assembly_genomic.fna --o /data/gpfs/assoc/pgl/filip/bwtandem/benchmarking_results/trash/results/GCA_022117705.1_Zm-Mo17-REFERENCE-CAU-T2T-assembly_genomic_trash_denovo_exp3B_satellite --par 2 --def"
	User time (seconds): 395381.69
	System time (seconds): 1060.72
	Percent of CPU this job got: 187%
	Elapsed (wall clock) time (h:mm:ss or m:ss): 58:50:42
	Average shared text size (kbytes): 0
	Average unshared data size (kbytes): 0
	Average stack size (kbytes): 0
	Average total size (kbytes): 0
	Maximum resident set size (kbytes): 13399164
	Average resident set size (kbytes): 0
	Major (requiring I/O) page faults: 0
	Minor (reclaiming a frame) page faults: 484527830
	Voluntary context switches: 2703176
	Involuntary context switches: 1837586
	Swaps: 0
	File system inputs: 0
	File system outputs: 0
	Socket messages sent: 0
	Socket messages received: 0
	Signals delivered: 0
	Page size (bytes): 4096
	Exit status: 0
