	Command being timed: "singularity exec ./bwtbench.sif trf /data/gpfs/assoc/pgl/filip/bwtandem/Zm/GCA_022117705.1_Zm-Mo17-REFERENCE-CAU-T2T-assembly_genomic.fna 2 7 7 80 10 50 200 -ngs -h"
	User time (seconds): 19731.56
	System time (seconds): 3.48
	Percent of CPU this job got: 99%
	Elapsed (wall clock) time (h:mm:ss or m:ss): 5:28:56
	Average shared text size (kbytes): 0
	Average unshared data size (kbytes): 0
	Average stack size (kbytes): 0
	Average total size (kbytes): 0
	Maximum resident set size (kbytes): 1254724
	Average resident set size (kbytes): 0
	Major (requiring I/O) page faults: 0
	Minor (reclaiming a frame) page faults: 1237683
	Voluntary context switches: 2654
	Involuntary context switches: 9896
	Swaps: 0
	File system inputs: 0
	File system outputs: 0
	Socket messages sent: 0
	Socket messages received: 0
	Signals delivered: 0
	Page size (bytes): 4096
	Exit status: 0
Successfully converted benchmarking_results/trf/results/GCA_022117705.1_Zm-Mo17-REFERENCE-CAU-T2T-assembly_genomic_trf_exp3C_centc.dat to benchmarking_results/trf/results/GCA_022117705.1_Zm-Mo17-REFERENCE-CAU-T2T-assembly_genomic_trf_exp3C_centc.bed
