	Command being timed: "singularity exec ./bwtbench.sif trf /data/gpfs/assoc/pgl/filip/bwtandem/Col-CEN_v1.2/Col-CEN_v1.2.fasta 2 7 7 80 10 50 200 -ngs -h"
	User time (seconds): 474972.54
	System time (seconds): 10.71
	Percent of CPU this job got: 99%
	Elapsed (wall clock) time (h:mm:ss or m:ss): 131:57:00
	Average shared text size (kbytes): 0
	Average unshared data size (kbytes): 0
	Average stack size (kbytes): 0
	Average total size (kbytes): 0
	Maximum resident set size (kbytes): 1322424
	Average resident set size (kbytes): 0
	Major (requiring I/O) page faults: 0
	Minor (reclaiming a frame) page faults: 8178765
	Voluntary context switches: 18452
	Involuntary context switches: 133545
	Swaps: 0
	File system inputs: 0
	File system outputs: 0
	Socket messages sent: 0
	Socket messages received: 0
	Signals delivered: 0
	Page size (bytes): 4096
	Exit status: 0
