	Command being timed: "singularity exec ./bwtbench.sif trf /data/gpfs/assoc/pgl/filip/bwtandem/ncbi_dataset/data/GCA_000001405.15/GCA_000001405.15_GRCh38_genomic.fna 2 7 7 80 10 50 500 -ngs -h"
	User time (seconds): 121409.64
	System time (seconds): 12.63
	Percent of CPU this job got: 99%
	Elapsed (wall clock) time (h:mm:ss or m:ss): 33:43:46
	Average shared text size (kbytes): 0
	Average unshared data size (kbytes): 0
	Average stack size (kbytes): 0
	Average total size (kbytes): 0
	Maximum resident set size (kbytes): 1518668
	Average resident set size (kbytes): 0
	Major (requiring I/O) page faults: 0
	Minor (reclaiming a frame) page faults: 3360162
	Voluntary context switches: 9160
	Involuntary context switches: 79926
	Swaps: 0
	File system inputs: 0
	File system outputs: 0
	Socket messages sent: 0
	Socket messages received: 0
	Signals delivered: 0
	Page size (bytes): 4096
	Exit status: 0
