	Command being timed: "singularity exec ./bwtbench.sif trf /data/gpfs/assoc/pgl/filip/bwtandem/Zm/GCA_022117705.1_Zm-Mo17-REFERENCE-CAU-T2T-assembly_genomic.fna 2 7 7 80 10 50 6 -ngs -h"
	User time (seconds): 18777.90
	System time (seconds): 3.26
	Percent of CPU this job got: 100%
	Elapsed (wall clock) time (h:mm:ss or m:ss): 5:13:01
	Average shared text size (kbytes): 0
	Average unshared data size (kbytes): 0
	Average stack size (kbytes): 0
	Average total size (kbytes): 0
	Maximum resident set size (kbytes): 1254724
	Average resident set size (kbytes): 0
	Major (requiring I/O) page faults: 0
	Minor (reclaiming a frame) page faults: 1053235
	Voluntary context switches: 2311
	Involuntary context switches: 10383
	Swaps: 0
	File system inputs: 0
	File system outputs: 0
	Socket messages sent: 0
	Socket messages received: 0
	Signals delivered: 0
	Page size (bytes): 4096
	Exit status: 0
Successfully converted benchmarking_results/trf/results/GCA_022117705.1_Zm-Mo17-REFERENCE-CAU-T2T-assembly_genomic_trf_exp3A_microsatellite.dat to benchmarking_results/trf/results/GCA_022117705.1_Zm-Mo17-REFERENCE-CAU-T2T-assembly_genomic_trf_exp3A_microsatellite.bed
