----------------------------
Maximum repeat period: 6
Number of model states: 24
Total sequence window size: 60012
DP matrix cells: 1440288
Threads: 2
Sequence window queue length: 18446744073709551615
Total size: (11462292 bytes)
----------------------------
*Actual memory usage will be slightly greater due to output repeat queue and repeat split matrices
============================
----------------------------
Annotation Coverage: 0.0216 (46974761 / 2178604320)
	Command being timed: "singularity exec ./bwtbench.sif /opt/ULTRA/ultra --read_all -p 6 -t 2 -i 3 -d 3 --bed -o benchmarking_results/ultra/results/GCA_022117705.1_Zm-Mo17-REFERENCE-CAU-T2T-assembly_genomic_ultra_exp3A_microsatellite /data/gpfs/assoc/pgl/filip/bwtandem/Zm/GCA_022117705.1_Zm-Mo17-REFERENCE-CAU-T2T-assembly_genomic.fna"
	User time (seconds): 1638.51
	System time (seconds): 3.16
	Percent of CPU this job got: 198%
	Elapsed (wall clock) time (h:mm:ss or m:ss): 13:47.86
	Average shared text size (kbytes): 0
	Average unshared data size (kbytes): 0
	Average stack size (kbytes): 0
	Average total size (kbytes): 0
	Maximum resident set size (kbytes): 2333236
	Average resident set size (kbytes): 0
	Major (requiring I/O) page faults: 0
	Minor (reclaiming a frame) page faults: 1375308
	Voluntary context switches: 1844
	Involuntary context switches: 2276
	Swaps: 0
	File system inputs: 0
	File system outputs: 0
	Socket messages sent: 0
	Socket messages received: 0
	Signals delivered: 0
	Page size (bytes): 4096
	Exit status: 0
