----------------------------
Maximum repeat period: 500
Number of model states: 3482
Total sequence window size: 251000
DP matrix cells: 873982000
Threads: 2
Sequence window queue length: 18446744073709551615
Total size: 6.51 GB (6991605000 bytes)
----------------------------
*Actual memory usage will be slightly greater due to output repeat queue and repeat split matrices
============================
----------------------------
Annotation Coverage: 0.0826 (179851928 / 2178604320)
	Command being timed: "singularity exec ./bwtbench.sif /opt/ULTRA/ultra --read_all -p 500 -t 2 -i 3 -d 3 --bed -o benchmarking_results/ultra/results/GCA_022117705.1_Zm-Mo17-REFERENCE-CAU-T2T-assembly_genomic_ultra_exp3B_satellite /data/gpfs/assoc/pgl/filip/bwtandem/Zm/GCA_022117705.1_Zm-Mo17-REFERENCE-CAU-T2T-assembly_genomic.fna"
	User time (seconds): 250014.43
	System time (seconds): 23.95
	Percent of CPU this job got: 199%
	Elapsed (wall clock) time (h:mm:ss or m:ss): 34:43:56
	Average shared text size (kbytes): 0
	Average unshared data size (kbytes): 0
	Average stack size (kbytes): 0
	Average total size (kbytes): 0
	Maximum resident set size (kbytes): 10146928
	Average resident set size (kbytes): 0
	Major (requiring I/O) page faults: 0
	Minor (reclaiming a frame) page faults: 12204538
	Voluntary context switches: 6082
	Involuntary context switches: 338577
	Swaps: 0
	File system inputs: 0
	File system outputs: 0
	Socket messages sent: 0
	Socket messages received: 0
	Signals delivered: 0
	Page size (bytes): 4096
	Exit status: 0
